# Source ledger

Every URL below was fetched during this run.
The essay under review is not an independent source.

## c02 — 2026-09-18 20:25 UTC
Query: `UVB rays melanoma skin cancer risk`

- https://www.nature.com/articles/s41598-025-23066-z — Global assessment of surface ultraviolet radiation and malignant skin ...
  > Climate change are altering ultraviolet (UV) radiation levels reaching the Earth's surface. Enhanced UV radiation poses significant risks to human health, notably increasing the risk of skin cancer.
- https://www.cancer.org/cancer/risk-prevention/sun-and-uv/uv-radiation.html — Does UV Radiation Cause Cancer? | American Cancer Society
  > Exposure to ultraviolet (UV) radiation is a major risk factor for skin cancers, including basal cell carcinoma, squamous cell carcinoma, and melanoma. Learn what UV radiation is, how exposure happens, what research says about its health eff
- https://pmc.ncbi.nlm.nih.gov/articles/PMC5760354/ — Mechanisms and prevention of UV-induced melanoma - PMC
  > Summary Melanoma is the deadliest form of skin cancer and its incidence is rising, creating a costly and significant clinical problem. Exposure to ultraviolet (UV) radiation, namely UVA (315-400 nm) and UVB (280-315 nm), is a major risk fac
- https://www.mdpi.com/2072-6694/17/11/1784 — Skin Photodamage and Melanomagenesis: A Comprehensive Review - MDPI
  > Melanoma is the most aggressive form of skin cancer, and its increasing incidence is a major public health concern. One of the main causes of melanoma is exposure to ultraviolet radiation from the sun, which damages the DNA in skin cells an
- https://jamanetwork.com/journals/jamadermatology/fullarticle/2774113 — UV Exposure and the Risk of Cutaneous Melanoma in Skin of Color
  > This systematic review critically assesses and synthesizes the published data regarding the association between UV exposure and the risk of cutaneous melanoma in skin of color.

## c03 — 2026-09-18 20:25 UTC
Query: `SPF definition UVB rays sunburn time`

- (none) — search-error
  > DNSError: DNSError('error sending request for url (https://wt.wikipedia.org/w/api.php?action=opensearch&profile=fuzzy&limit=1&search=SPF%20definition%20UVB%20rays%20sunburn%20time) > error resolving DNS > DNS error: no records found for Que

## c04 — 2026-09-18 20:25 UTC
Query: `sunscreen SPF 30 blocks 97% UVB rays`

- (none) — search-error
  > DNSError: DNSError('error sending request for url (https://wt.wikipedia.org/w/api.php?action=opensearch&profile=fuzzy&limit=1&search=sunscreen%20SPF%2030%20blocks%2097%25%20UVB%20rays) > error resolving DNS > DNS error: no records found for

## c01 — 2026-09-18 20:25 UTC
Query: `UVA rays skin damage carcinoma melasma photoaging`

- (none) — search-error
  > DNSError: DNSError('error sending request for url (https://wt.wikipedia.org/w/api.php?action=opensearch&profile=fuzzy&limit=1&search=UVA%20rays%20skin%20damage%20carcinoma%20melasma%20photoaging) > error resolving DNS > DNS error: no record

## c02 — 2026-09-18 20:25 UTC
Query: `UVB rays skin cancer risk CDC OR WHO`

- (none) — search-error
  > DNSError: DNSError('error sending request for url (https://wt.wikipedia.org/w/api.php?action=opensearch&profile=fuzzy&limit=1&search=UVB%20rays%20skin%20cancer%20risk%20CDC%20OR%20WHO) > error resolving DNS > DNS error: no records found for

## c03 — 2026-09-18 20:25 UTC
Query: `SPF sunscreen definition FDA official`

- (none) — search-error
  > DNSError: DNSError('error sending request for url (https://wt.wikipedia.org/w/api.php?action=opensearch&profile=fuzzy&limit=1&search=SPF%20sunscreen%20definition%20FDA%20official) > error resolving DNS > DNS error: no records found for Quer

## c01 — 2026-09-18 20:25 UTC
Query: `UVA rays health effects dermatology official report`

- https://link.springer.com/content/pdf/10.1007/s43630-025-00743-6.pdf — Beneficial health effects of ultraviolet radiation: expert ...
  > To address this issue more firmly, a scientific meeting of leading experts was held in Washington, D.C. on May 27–28, 2024, to present and discuss recent research on beneficial health effects from sun exposure and human health.
- https://www.cdc.gov/radiation-health/features/uv-radiation.html — Ultraviolet Radiation | Radiation and Your Health | CDC
  > Jul 6, 2026 · Almost all the UV radiation that reaches earth is UVA though some UVB radiation reaches earth. UVA and UVB radiation can both affect health, but UVA penetrates deeper into the skin and is more constant throughout the year.
- https://link.springer.com/article/10.1007/s43630-025-00743-6 — Beneficial health effects of ultraviolet radiation: expert ...
  > Jun 4, 2025 · This narrative review provides an overview of the health effects of UVR exposure that should be used to inform public health recommendations regarding sunlight exposure.
- https://www.mdpi.com/1422-0067/23/15/8243 — The Damaging Effects of Long UVA (UVA1) Rays: A Major ... - MDPI
  > Jul 26, 2022 · In this review, we synthetize the biological and clinical effects of UVA1 and the complementary effects of UVA1 with pollutants or Vis.
- https://www.cdc.gov/skin-cancer/sun-safety/index.html — Sun Safety Facts | Skin Cancer | CDC
  > Jun 17, 2026 · Overview Spending time outside is a great way to be physically active and reduce stress. You can work and play outside without raising your skin cancer risk by protecting your skin from the sun. Most skin cancers are caused b

## c04 — 2026-09-18 20:25 UTC
Query: `SPF 30 UVB protection percentage FDA`

- (none) — search-error
  > DNSError: DNSError('error sending request for url (https://wt.wikipedia.org/w/api.php?action=opensearch&profile=fuzzy&limit=1&search=SPF%2030%20UVB%20protection%20percentage%20FDA) > error resolving DNS > DNS error: no records found for Que

## c06 — 2026-09-18 20:25 UTC
Query: `broad-spectrum sunscreen UVA UVB protection`

- https://bestreviews.com/beauty-and-personal-care/sunscreens/best-broad-spectrum-sunscreens — 5 Best Broad-Spectrum Sunscreens - Sept. 2026 - BestReviewsDifference Between UVA vs. UVB Rays & Finding Your Best SunscreenWhat Is Broad-Spectrum Sunscreen? UVA, UVB ExplainedBroad Spectrum Sunscreen: UVA/UVB Truth (2026)Broad Spectrum Sunscreens with UVA & UVB Protection | VichyBreaking Down Broad-Spectrum Protection: Why Your Sunscreen ...Sun protection explained: SPF, UVA/UVB and what ‘broad ...
  > Jan 6, 2022 · Broad-spectrum, also called full-spectrum, sunscreens protect you from UVA and UVB. They do this either by reflecting the sun’s rays or absorbing the light and converting it into a small amount of heat. See full list on laroch
- https://www.laroche-posay.us/skincare-tips-and-advice/sun-protection/uva-vs-uvb-rays-finding-the-best-sunscreen-for-you.html — Difference Between UVA vs. UVB Rays & Finding Your Best SunscreenWhat Is Broad-Spectrum Sunscreen? UVA, UVB ExplainedBroad Spectrum Sunscreen: UVA/UVB Truth (2026)Broad Spectrum Sunscreens with UVA & UVB Protection | VichyBreaking Down Broad-Spectrum Protection: Why Your Sunscreen ...Sun protection explained: SPF, UVA/UVB and what ‘broad ...
  > See full list on laroche-posay.us See full list on laroche-posay.us See full list on laroche-posay.us Apr 30, 2026 · Broad-spectrum sunscreen protects against both UVA and UVB rays. Learn what that label really means and how to choose one t
- https://scienceinsights.org/what-is-broad-spectrum-sunscreen-uva-uvb-explained/ — What Is Broad-Spectrum Sunscreen? UVA, UVB Explained
  > Apr 30, 2026 · Broad-spectrum sunscreen protects against both UVA and UVB rays. Learn what that label really means and how to choose one that actually works.
- https://beautynexuspro.com/skincare-routines/does-broad-spectrum-sunscreen-protect-against-uva-and-uvb — Broad Spectrum Sunscreen: UVA/UVB Truth (2026)
  > Jan 24, 2026 · Does broad spectrum sunscreen protect against UVA and UVB? Yes—but not automatically, not equally across brands, and certainly not if you’re using it like most people do.
- https://www.vichyusa.com/skin-care/skin-care-product-type/sunscreen — Broad Spectrum Sunscreens with UVA & UVB Protection | Vichy
  > Discover sunscreens with broad spectrum protection that prevent damage from both UVA and UVB rays. Formulas are dermatologist tested for safety and efficacy.

## c05 — 2026-09-18 20:25 UTC
Query: `SPF 30 sunburn time 30 times longer`

- https://beautynexuspro.com/skincare-routines/how-long-does-30-sunscreen-last — How Long Does SPF 30 Last? The Real Answer — Beauty Nexus Pro
  > May 19, 2026 · SPF 30 means that, under ideal laboratory conditions, it would take 30 times longer for your skin to redden compared to wearing no sunscreen. So if you normally burn in 10 minutes without protection, SPF 30 theoretically exte
- https://biologyinsights.com/how-long-does-spf-30-last-and-when-should-you-reapply/ — How Long Does SPF 30 Last and When Should You Reapply?
  > Dec 14, 2025 · Sun Protection Factor 30 is a scientific measure of how much solar energy is required to cause a sunburn on protected skin compared to unprotected skin. Theoretically, if skin takes ten minutes to burn without sunscreen, SPF 
- https://beautynexuspro.com/skincare-routines/how-long-does-spf-30-sunscreen-last — How Long Does SPF 30 Sunscreen Last? (2026) — Beauty Nexus Pro
  > Mar 20, 2026 · SPF—or Sun Protection Factor—is a lab-measured ratio comparing how long it takes *protected* skin to redden versus *unprotected* skin under controlled UVB light. An SPF 30 means it would take 30 times longer for your skin to 
- https://www.camperupgrade.com/spf-30-sunscreen-reapplication-calculator/ — How Long Does SPF 30 Sunscreen Last? Reapplication Calculator
  > Apr 7, 2026 · Calculate exactly how long SPF 30 sunscreen protects you based on UV index, skin type, and activity. Find your reapplication schedule instantly.
- https://everycalculators.com/sunscreen-spf-calculator.html — Sunscreen SPF Calculator - Estimate Your Protected Sun Time
  > Formula Explained: The calculator multiplies your natural burn time by the SPF value of your sunscreen. For example, if you naturally burn in 10 minutes and use SPF 30, you're theoretically protected for 30 times longer (10 minutes * 30 = 3

## c06 — 2026-09-18 20:25 UTC
Query: `broad spectrum sunscreen definition FDA`

- https://www.fda.gov/drugs/understanding-over-counter-medicines/sunscreen-how-help-protect-your-skin-sun — Sunscreen: How to Help Protect Your Skin from the Sun | FDA
  > Jun 9, 2026 · Broad spectrum sunscreens help protect against both forms of UV radiation - UVA and UVB. However, not all sunscreens are broad spectrum, so it is important to look for this description on...
- https://www.fda.gov/regulatory-information/search-fda-guidance-documents/labeling-and-effectiveness-testing-sunscreen-drug-products-over-counter-human-use-small-entity — Labeling and Effectiveness Testing: Sunscreen Drug Products ...
  > Answer: The Broad Spectrum Test is a test that measures a sunscreen drug product’s transmittance/absorbance of ultraviolet (UV) radiation across both the UVB and UVA regions of the spectrum.
- https://www.accessdata.fda.gov/drugsatfda_docs/omuf/monographs/OTCMonograph_M020-SunscreenDrugProductsforOTCHumanUse09242021.pdf — U.S. Food and Drug Administration Sunscreen Drug Products for ...
  > An over-the-counter (OTC) sunscreen drug product in a form suitable for topical administration is generally recognized as safe and effective and is not misbranded if it meets each condition in...
- https://www.otsdermatology.com/blog/sunscreen-101-how-to-decode-broadspectrum-labels — Sunscreen 101: How to Decode Broad‑Spectrum Labels
  > Apr 27, 2026 · In the United States the FDA defines a “broad‑spectrum” sunscreen as a product that has passed a critical‑wavelength test (≥ 370 nm) and therefore protects against both UVA (aging, deeper‑penetrating) and UVB (burning) rays.
- https://www.ecfr.gov/current/title-21/chapter-I/subchapter-D/part-352 — 21 CFR Part 352 -- Sunscreen Drug Products for Over-the ...
  > A labeling designation for sunscreen drug products to aid in selecting the type of product best suited to an individual's complexion (pigmentation) and desired response to ultraviolet (UV) radiation.

## c07 — 2026-09-18 20:25 UTC
Query: `Dr. Kassouf sunscreen tan burn quote`

- (none) — search-error
  > DNSError: DNSError('error sending request for url (https://wt.wikipedia.org/w/api.php?action=opensearch&profile=fuzzy&limit=1&search=Dr.%20Kassouf%20sunscreen%20tan%20burn%20quote) > error resolving DNS > DNS error: no records found for Que

## c05 — 2026-09-18 20:25 UTC
Query: `SPF sunburn protection time FDA guidance`

- https://www.fda.gov/about-fda/center-drug-evaluation-and-research-cder/sun-protection-factor-spf — Sun Protection Factor (SPF) | FDA - U.S. Food and Drug ...
  > This page describes how the FDA determines and evaluates sun protection factor in over-the-counter sunscreen products and the science behind this evaluation.
- https://www.fda.gov/drugs/understanding-over-counter-medicines/sun-and-your-medicine — The Sun and Your Medicine | FDA
  > Instead, SPF tells you the amount of sunburn protection from UV radiation that is provided by sunscreens when they are used as directed – SPF is not burn protection time.
- https://ahpackaging.com/understanding-sunscreen-regulations-in-the-united-states/ — Understanding Sunscreen Regulations in the United States: FDA ...
  > Mar 8, 2025 · This article provides a detailed breakdown of FDA sunscreen guidelines, including SPF testing standards, labeling requirements, active ingredient regulations, and marketing restrictions.
- https://www.ecfr.gov/current/title-21/chapter-I/subchapter-D/part-352 — 21 CFR Part 352 -- Sunscreen Drug Products for Over-the ...
  > The concentration of each active ingredient must be sufficient to contribute a minimum SPF of not less than 2 to the finished product. The finished product must have a minimum SPF of not less than the number of sunscreen active ingredients 
- https://www.cdc.gov/skin-cancer/sun-safety/index.html — Sun Safety Facts | Skin Cancer | CDC
  > Jun 17, 2026 · SPF. Sunscreens are assigned a sun protection factor (SPF), which is a number that rates how well they filter out UV rays. A higher number indicates more protection. You should use a broad- spectrum sunscreen with SPF of 15 o

## c08 — 2026-09-18 20:25 UTC
Query: `Dr. Kassouf melanocyte melanin sun exposure quote`

- (none) — search-error
  > DNSError: DNSError('error sending request for url (https://wt.wikipedia.org/w/api.php?action=opensearch&profile=fuzzy&limit=1&search=Dr.%20Kassouf%20melanocyte%20melanin%20sun%20exposure%20quote) > error resolving DNS > DNS error: no record

## c07 — 2026-09-18 20:25 UTC
Query: `Cleveland Clinic sunscreen tanning burn statement`

- https://health.clevelandclinic.org/tag/sunburn — sunburn - Cleveland Clinic
  > May 22, 2025 · Both can protect you from the sun’s rays, but they do it in different ways. Your skin tone determines if a sunburn becomes a suntan. You can still get a tan (a sign of skin damage) while wearing sunscreen. Sunscreen for Babie
- https://my.clevelandclinic.org/health/diseases/21858-sunburn — Sunburn: Symptoms & Treatment - Cleveland Clinictanning - Cleveland ClinicUltraviolet (UV) Radiation: What It Is & Its Effect on Your SkinUV protection and sunscreens: What to tell patientsCleveland Clinic: Skip the base tan, lather up on sunscreen ...Tips for Treating Sunburns - newsroom.clevelandclinic.org
  > If you get a sunburn, your skin might feel like it’s on fire — a hot and burning sensation that gets worse when you touch it, even with clothing. Symptoms of sunburn depend on how severe your burnis. Symptoms may include: See full list on m
- https://health.clevelandclinic.org/tag/tanning — tanning - Cleveland Clinic
  > Apr 20, 2023 · Is It Safe To Use Tanning Pills? The results aren’t great, and the risks — like vision problems — aren’t worth it
- https://www.ccjm.org/content/ccjom/79/6/427.full.pdf — UV protection and sunscreens: What to tell patients
  > In this article, we review UV radiation, the consequences of increased exposure to differ-ent parts of the UV spectrum, tanning, and the fundamentals of sunscreens.
- https://www.wkbn.com/news/ohio/skip-the-base-tan-lather-up-on-sunscreen-dermatologists-suggest/ — Cleveland Clinic: Skip the base tan, lather up on sunscreen ...
  > Mar 8, 2026 · CLEVELAND (WKBN) – If you’re going somewhere sunny for spring break, you may wonder if it’s worth getting a “base tan” to prevent burning. Dermatologists are warning that not only are they...

## c08 — 2026-09-18 20:26 UTC
Query: `Cleveland Clinic melanocyte melanin sun protection`

- (none) — search-error
  > DNSError: DNSError('error sending request for url (https://wt.wikipedia.org/w/api.php?action=opensearch&profile=fuzzy&limit=1&search=Cleveland%20Clinic%20melanocyte%20melanin%20sun%20protection) > error resolving DNS > DNS error: no records

## c09 — 2026-09-18 20:26 UTC
Query: `sunscreen vitamin D deficiency review study`

- https://academic.oup.com/bjd/article-abstract/193/6/1128/8250458 — Effect of daily sunscreen application on vitamin D: findings ...
  > Sep 10, 2025 · Our findings provide evidence that daily use of high SPF sunscreen over 1 year increases the risk of vitamin D deficiency. As a result, while we recommend continued regular sunscreen use, vitamin D testing and/or supplementat
- https://pubmed.ncbi.nlm.nih.gov/30945275/ — The effect of sunscreen on vitamin D: a review - PubMed
  > Background: Sunscreen use can prevent skin cancer, but there are concerns that it may increase the risk of vitamin D deficiency. Objectives: We aimed to review the literature to investigate associations between sunscreen use and vitamin D 3
- https://www.sciencedirect.com/science/article/pii/S1530891X25001223 — Sunscreen and 25-Hydroxyvitamin D Levels: Friends or Foes? A ...
  > Jun 1, 2025 · To evaluate the impact of sunscreen use on 25-hydroxyvitamin D (25 (OH)D) levels, addressing conflicting findings from observational and interventional studies.
- https://onlinelibrary.wiley.com/doi/abs/10.1111/bjd.17980 — The effect of sunscreen on vitamin D: a review - Neale - 2019 ...
  > Apr 4, 2019 · Sunscreen use can prevent skin cancer, but there are concerns that it may increase the risk of vitamin D deficiency. We aimed to review the literature to investigate associations between sunscreen use and vitamin D 3 or 25 hyd
- https://pmc.ncbi.nlm.nih.gov/articles/PMC9002342/ — Do sunscreens block vitamin D production? A critical review ...
  > Thus, when tested outdoors, sunscreens with a given SPF, especially with high UVA protection, were less likely to block vitamin D production than when tested in the laboratory.

## c10 — 2026-09-18 20:26 UTC
Query: `spray tan chemicals skin irritation allergic reaction`

- https://freaktofit.com/how-to-treat-allergic-reaction-to-spray-tan-an-expert-guide/ — How to Treat Allergic Reaction to Spray Tan: An Expert Guide
  > Sep 16, 2024 · What Causes Allergic Reactions to Spray Tans? Spray tan normally includes the use of a substance known as DHA (dihydroxyacetone) which causes a reaction with the skin amino acids thus giving rise to a tanned effect.
- https://getcurex.com/allergens-and-symptoms/allergy-symptoms-immunotherapy-self-tanners — Self-Tanner Allergy: DHA vs Fragrance Reactions | Curex
  > Jun 24, 2026 · Spray-tan rashes can represent true allergic contact dermatitis — specifically from methylisothiazolinone (MI), a preservative used in many spray-tan solutions.
- https://scienceinsights.org/is-spray-tan-bad-for-your-face-risks-explained/ — Is Spray Tan Bad for Your Face? Risks Explained
  > May 12, 2026 · Spray tans can cause breakouts, free radical damage, and allergic reactions on your face. Here’s what the risks actually mean for your skin.
- https://doctorguideonline.com/are-spray-tans-harmful-to-your-skin/ — Are Spray Tans Harmful To Your Skin? | Truths Unveiled Now
  > However, while DHA itself is considered safe, other ingredients in spray tan formulations—such as fragrances, preservatives, and alcohol—can sometimes trigger allergic reactions or skin irritation. Understanding what goes into your spray ta
- https://goodlookingtan.com/allergic-reactions-to-fake-tan/ — Allergic Reactions To Fake Tan: The Fix - Good Looking Tan
  > Aug 10, 2024 · Worried your fake tan has left your skin red, itchy and sore? Here is how to tell an allergy from contact dermatitis, and three things that calm it down.

## c09 — 2026-09-18 20:26 UTC
Query: `sunscreen vitamin D systematic review PubMed`

- https://pubmed.ncbi.nlm.nih.gov/30945275/ — The effect of sunscreen on vitamin D: a review - PubMed
  > Background: Sunscreen use can prevent skin cancer, but there are concerns that it may increase the risk of vitamin D deficiency. Objectives: We aimed to review the literature to investigate associations between sunscreen use and vitamin D 3
- https://www.sciencedirect.com/science/article/pii/S1530891X25001223 — Sunscreen and 25-Hydroxyvitamin D Levels: Friends or Foes? A ...
  > Jun 1, 2025 · To evaluate the impact of sunscreen use on 25-hydroxyvitamin D (25 (OH)D) levels, addressing conflicting findings from observational and interventional studies.
- https://pmc.ncbi.nlm.nih.gov/articles/PMC9002342/ — Do sunscreens block vitamin D production? A critical review ...
  > Thus, when tested outdoors, sunscreens with a given SPF, especially with high UVA protection, were less likely to block vitamin D production than when tested in the laboratory.
- https://onlinelibrary.wiley.com/doi/abs/10.1111/bjd.17980 — The effect of sunscreen on vitamin D: a review - Neale - 2019 ...
  > Apr 4, 2019 · Sunscreen use can prevent skin cancer, but there are concerns that it may increase the risk of vitamin D deficiency. We aimed to review the literature to investigate associations between sunscreen use and vitamin D 3 or 25 hyd
- https://pmc.ncbi.nlm.nih.gov/articles/PMC6899926/ — Sunscreen photoprotection and vitamin D status - PMC
  > To review the published evidence to reach a consensus on the influence of photoprotection by sunscreens on vitamin D status, considering other relevant factors.

## c11 — 2026-09-18 20:26 UTC
Query: `tanning beds UVA rays 10 times more than sun`

- (none) — search-error
  > DNSError: DNSError('error sending request for url (https://wt.wikipedia.org/w/api.php?action=opensearch&profile=fuzzy&limit=1&search=tanning%20beds%20UVA%20rays%2010%20times%20more%20than%20sun) > error resolving DNS > DNS error: no records

## c12 — 2026-09-18 20:26 UTC
Query: `tanning pills nasal tanning spray health risks`

- (none) — search-error
  > DNSError: DNSError('error sending request for url (https://wt.wikipedia.org/w/api.php?action=opensearch&profile=fuzzy&limit=1&search=tanning%20pills%20nasal%20tanning%20spray%20health%20risks) > error resolving DNS > DNS error: no records f

## c10 — 2026-09-18 20:26 UTC
Query: `spray tanning DHA side effects FDA`

- https://www.fda.gov/cosmetics/cosmetic-products/sunless-tanners-bronzers — Sunless Tanners & Bronzers | FDA
  > As noted above, the use of DHA in "tanning" booths as an all-over spray has not been approved by the FDA, since safety data to support this use has not been submitted to the Agency for...
- https://scienceinsights.org/is-spray-tanning-safe-the-real-risks-explained/ — Is Spray Tanning Safe? The Real Risks Explained
  > Spray tanning is generally safer than UV tanning beds or prolonged sun exposure, but it’s not without risks. The active ingredient in virtually all spray tans, dihydroxyacetone (DHA), is approved by the FDA only for external skin applicatio
- https://www.fda.gov/radiation-emitting-products/tanning/tanning-products — Tanning Products | FDA
  > These so-called tanning pills are unsafe and none are approved by the FDA. Some tanning pills contain the color additive canthaxanthin.
- https://biologyinsights.com/is-breathing-in-spray-tan-bad-for-you/ — Is Breathing in Spray Tan Bad for You? - Biology Insights
  > The U.S. Food and Drug Administration (FDA) has only approved DHA for external application to the skin and specifically warns against inhalation, ingestion, or exposure to mucous membranes.
- https://talkingtan.com/is-spray-tanning-safe/ — Is Spray Tanning Safe? Health Risks Honestly Explained
  > For most people, spray tanning is considered safe — particularly when compared to UV tanning methods. The active ingredient, DHA, has been approved by the FDA for external skin use since 1977, does not cause UV-related skin damage, and carr

## c11 — 2026-09-18 20:26 UTC
Query: `tanning bed UVA exposure FDA study`

- (none) — search-error
  > DNSError: DNSError('error sending request for url (https://wt.wikipedia.org/w/api.php?action=opensearch&profile=fuzzy&limit=1&search=tanning%20bed%20UVA%20exposure%20FDA%20study) > error resolving DNS > DNS error: no records found for Query

## c12 — 2026-09-18 20:26 UTC
Query: `FDA warning tanning pills nasal spray`

- (none) — search-error
  > DNSError: DNSError('error sending request for url (https://wt.wikipedia.org/w/api.php?action=opensearch&profile=fuzzy&limit=1&search=FDA%20warning%20tanning%20pills%20nasal%20spray) > error resolving DNS > DNS error: no records found for Qu

