# Source ledger

Every URL below was fetched during this run.
The essay under review is not an independent source.

## c01 — 2026-09-18 20:31 UTC
Query: `factory closures opioid overdose deaths research`

- https://opportunityforhealth.org/research/association-between-automotive-assembly-plant-closures-and-opioid-overdose-mortality-in-the-united-states-a-difference-in-differences-analysis/ — Association Between Automotive Assembly Plant Closures and ...
  > Dec 31, 2019 · Our findings indicate that the closure of automotive assembly plants is associated with meaningful increases in opioid overdose mortality in affected communities.
- https://www.researchgate.net/publication/338264626_Association_Between_Automotive_Assembly_Plant_Closures_and_Opioid_Overdose_Mortality_in_the_United_States_A_Difference-in-Differences_Analysis — Association Between Automotive Assembly Plant Closures and ...
  > Dec 30, 2019 · Automotive assembly plant closures were associated with statistically significant increases in opioid overdose mortality.
- https://www.ovid.com/journals/jaim/fulltext/10.1001/jamainternmed.2019.5686~association-between-automotive-assembly-plant-closures-and — Association Between Automotive Assembly Plant Closures and ...
  > From 1999 to 2016, automotive assembly plant closures were associated with increases in opioid overdose mortality. These findings highlight the potential importance of eroding economic opportunity as a factor in the US opioid overdose crisi
- https://www.scilit.com/publications/8baf30dc524474549a36a29d89fe1198 — Association Between Automotive Assembly Plant Closures and ...
  > During the past 2 decades, the United States has experienced a widespread and significant increase in opioid overdose mortality, particularly among working-age adults.
- https://www.semanticscholar.org/paper/Association-Between-Automotive-Assembly-Plant-and-Venkataramani-Bair/6c6bcac7ad906880de516e045e9d8eca268ab3b2 — Association Between Automotive Assembly Plant Closures and ...
  > Dec 30, 2019 · Automotive assembly plant closures were associated with increases in opioid overdose mortality, highlighting the potential importance of the role of declining economic opportunity in the US opioid overdose crisis.

## c04 — 2026-09-18 20:31 UTC
Query: `AI tool used 2000 US hospitals`

- https://intuitionlabs.ai/articles/ai-adoption-us-hospitals-trends — AI Adoption in U.S. Hospitals: Trends and Use Cases
  > Jul 30, 2026 · An analysis of AI adoption trends in U.S. hospitals through 2025-2026. Examines clinical and operational use cases including ambient AI scribes, Epic's new AI tools, FDA regulatory updates, and ethical considerations in healt
- https://www.nature.com/articles/s44360-025-00016-7 — The landscape of AI implementation in US hospitals - Nature
  > Jan 15, 2026 · These findings provide a baseline snapshot of early AI deployment patterns in US hospitals in 2023 and 2024, highlighting the uneven and context-dependent nature of implementation.
- https://www.cnn.com/2026/07/16/tech/mayo-clinic-ai-healthcare — One of the world’s most prominent hospitals is testing how AI ...
  > Jul 16, 2026 · But Record Time is just one way that Mayo Clinic, one of the world’s most well-known hospital systems, is using AI in hopes of improving patient care and, ultimately, saving lives.
- https://pmc.ncbi.nlm.nih.gov/articles/PMC11047988/ — The Role of AI in Hospitals and Clinics: Transforming ...
  > We explore how AI empowers clinical decision-making, optimizes hospital operation and management, refines medical image analysis, and revolutionizes patient care and monitoring through AI-powered wearables.
- https://www.viz.ai/news/a-decade-of-increasing-access-to-life-saving-treatments-viz-ai-celebrates-10-years-2000-hospitals-and-230-million-patients — A Decade of Increasing Access to Life Saving ... - viz.ai
  > Jul 28, 2026 · Viz.ai is the leader in building and deploying AI-powered Care Pathways and helping doctors do their work. The Viz Platform is deployed in 2,000 hospitals across the United States and trusted by many of the leading life scien

## c02 — 2026-09-18 20:31 UTC
Query: `Australia UK Norway children online protections law`

- (none) — search-error
  > DNSError: DNSError('error sending request for url (https://wt.wikipedia.org/w/api.php?action=opensearch&profile=fuzzy&limit=1&search=Australia%20UK%20Norway%20children%20online%20protections%20law) > error resolving DNS > DNS error: no reco

## c03 — 2026-09-18 20:31 UTC
Query: `AI companion apps ban emotional dependence minors law`

- https://aihaven.com/news/state-ai-companion-laws-mid-2026-patchwork/ — 35+ States Regulate AI Companions: Mid-2026 Update | AI Haven
  > Jul 6, 2026 · Tennessee's SB 1580 took effect July 1, 2026, as companion chatbot laws spread across 35+ states with disclosure, safety, and minor protection mandates.
- https://aiinsightsnews.net/character-ai-minors-ban/ — Character.AI Bans Minors After Teen Suicide Lawsuit — Inside ...
  > Oct 30, 2025 · In a defining moment for the AI companion industry, Character.AI has announced a sweeping new policy: beginning November 25, 2025, users under 18 will no longer be able to engage in open conversations with its chatbots — a mo
- https://www.medianama.com/2026/07/223-china-bans-ai-companion-apps-emotional-dependence-low-birth/ — China bans AI companion apps that stirs emotional dependence
  > Jul 20, 2026 · Beijing has directed companies offering AI companion apps to stop creating chatbots that encourage emotional attachment. This measure aims to promote human relationships and increase...
- https://localwaifu.com/blog/china-ai-companion-ban/ — China Just Banned AI Companions. Here's What It Actually Says
  > Aug 27, 2026 · China banned AI companions for minors and outlawed design that creates emotional dependence. What the law actually says, and what it means for your app.
- https://www.arturmarkus.com/chinas-ai-companion-rules-take-effect-july-15-2026-five-agencies-ban-virtual-partners-for-minors-mandate-addiction-detection/ — China’s AI Companion Rules Take Effect July 15, 2026—Five ...
  > Jun 19, 2026 · Five Chinese government agencies just created the world’s first dedicated regulation for emotionally interactive AI, banning virtual girlfriends and boyfriends for anyone under 18. While Western regulators debate definitions,

## c04 — 2026-09-18 20:31 UTC
Query: `hospital AI adoption 2000 hospitals company report`

- https://intuitionlabs.ai/pdfs/ai-adoption-us-hospitals-survey-data.pdf — AI Adoption in US Hospitals Statistics: Survey
  > ealthcare ai statistics 2026 Executive Summary There is no single correct answer to "how many US hospitals use AI," because the surveys and studies that produce these figures measure different populations, technologies, years, and stages of
- https://www.nature.com/articles/s44360-025-00016-7 — The landscape of AI implementation in US hospitals - Nature
  > Jan 15, 2026 · These findings provide a baseline snapshot of early AI deployment patterns in US hospitals in 2023 and 2024, highlighting the uneven and context-dependent nature of implementation.
- https://intuitionlabs.ai/pdfs/ai-adoption-in-u-s-hospitals-trends-and-use-cases.pdf — AI Adoption in U.S. Hospitals: Trends and Use Cases
  > Adoption also varied by hospital type, with lower use among small, rural, independent, government-owned, and critical-access hospitals. This report therefore focuses on documented use cases and distinguishes established deployments from res
- https://academic.oup.com/healthaffairsscholar/article/2/10/qxae123/7775605 — How are US hospitals adopting artificial intelligence? Early ...
  > Sep 26, 2024 · This paper provides the first comprehensive description of hospital AI adoption levels, identifies hospital characteristics associated with adoption, and proposes a novel framework, the Hospital AI Adoption Model (HAIAM), for
- https://www.sciencedirect.com/science/article/pii/S0148296323007610 — Determinants and performance outcomes of artificial ...
  > Feb 1, 2024 · This study aims to fill gaps in the literature by investigating the determinants of AI adoption in U.S. hospitals and the impact of AI adoption on hospital financial and operational performance by utilizing extensive sample da

## c01 — 2026-09-18 20:31 UTC
Query: `study factory closures opioid mortality county`

- (none) — search-error
  > DNSError: DNSError('error sending request for url (https://wt.wikipedia.org/w/api.php?action=opensearch&profile=fuzzy&limit=1&search=study%20factory%20closures%20opioid%20mortality%20county) > error resolving DNS > DNS error: no records fou

## c03 — 2026-09-18 20:31 UTC
Query: `state law AI chatbot virtual relationship minors regulation`

- https://clearon-ai.com/state-ai-companion-chatbot-law-guide/ — State AI Companion and Conversational Chatbot Law Guide
  > Jul 29, 2026 · A state-by-state comparison of enacted companion and conversational AI laws, including disclosures, crisis protocols, protections for minors, reporting, enforcement, and effective dates.
- https://staussfirm.com/sparc/ai/chatbot-laws/ — State Chatbot Laws: Every U.S. Law Tracked (17) | Stauss PLLC
  > Laws regulating AI companion chatbots and conversational AI, including disclosure and minor-safety requirements. Stauss PLLC tracks 17 state chatbot laws, with links to the official text of each.
- https://www.metaverselaw.com/ai-companion-chatbot-regulations/ — AI Companion Chatbot Regulations: New State Laws in 2026
  > Jun 26, 2026 · Discover the latest AI companion chatbot regulations, including child safety, transparency, crisis response, and state compliance requirements.
- https://www.multistate.ai/updates/vol-105-state-ai-companion-chatbot-laws — State AI Companion Chatbot Laws: 12 States Enact Regulations ...
  > Jun 26, 2026 · Twelve states enacted AI companion chatbot laws in 2026 with disclosure rules, crisis protocols, and minor protections. Analysis of state regulation trends.
- https://www.multistate.us/insider/2026/4/30/state-childrens-online-safety-laws-expand-beyond-social-media-in-2026 — State Children's Online Safety Laws Expand to AI Chatbots
  > Apr 30, 2026 · Lawmakers introduced nearly 300 state children's online safety laws this year, targeting how companies collect data from minors and expose them to harmful content, predatory behavior, and addictive features. Recent jury verdi

## c02 — 2026-09-18 20:31 UTC
Query: `government online safety children age verification announcement`

- (none) — search-error
  > DNSError: DNSError('error sending request for url (https://wt.wikipedia.org/w/api.php?action=opensearch&profile=fuzzy&limit=1&search=government%20online%20safety%20children%20age%20verification%20announcement) > error resolving DNS > DNS er

## c06 — 2026-09-18 20:31 UTC
Query: `Gates Foundation child mortality halved 2000 2024`

- https://www.gatesfoundation.org/ideas/media-center/press-releases/2025/12/goalkeepers-child-deaths-rising-high-impact-solutions — Gates Foundation Urges Targeted Funding as Child Deaths ...
  > Dec 3, 2025 · SEATTLE (December 3, 2025) – The number of children dying before their 5 th birthday is projected to rise for the first time this century, reversing decades of global progress, according to new data published today in the Gate
- https://www.pressreader.com/usa/the-spectrum-daily-news/20251207/281895894561037 — Gates: Cuts will impact child mortality rates - PressReader
  > Dec 7, 2025 · In 2024, an estimated 4.6 million children died before turning 5. This year, it is set to be 4.8 million, Gates said. Child deaths have roughly halved since 2000. “For decades, the world made steady progress saving children’s 
- https://www.usnews.com/news/world/articles/2025-12-04/child-deaths-will-rise-this-year-as-aid-cuts-reverse-progress-says-gates — Child Deaths Will Rise for First Time This Century After Aid ...
  > Dec 4, 2025 · In 2024, an estimated 4.6 million children died before turning five. This year, it is set to be 4.8 million, Gates said. Child deaths have roughly halved since 2000.
- https://qrnews.kz/en/news/gates-foundation-warns-child-mortality-could-increase-as-global-aid-declines-wcDr3 — Gates Foundation Warns: Child Mortality Could Increase as ...
  > Dec 4, 2025 · According to the Bill & Melinda Gates Foundation, the reduction in international aid could result in around 200,000 more children under the age of five dying this year compared to 2024, Reuters reported.
- https://www.gatesnotes.com/How-to-cut-child-mortality-in-half-again — How to cut child mortality in half again | Bill Gates
  > Apr 2, 2024 · Bill Gates discusses the reduction in childhood deaths from 12 million in 1990 to 5 million now, and shares interventions that can save millions more by 2040.

## c05 — 2026-09-18 20:31 UTC
Query: `Gates Foundation 20 years $200 billion spend`

- (none) — search-error
  > DNSError: DNSError('error sending request for url (https://wt.wikipedia.org/w/api.php?action=opensearch&profile=fuzzy&limit=1&search=Gates%20Foundation%2020%20years%20%24200%20billion%20spend) > error resolving DNS > DNS error: no records f

## c06 — 2026-09-18 20:31 UTC
Query: `Gates Foundation goal reduce child deaths report`

- https://goalkeepers.gatesfoundation.org/report/2025-report/ — 2025 Report - Goalkeepers
  > Millions of children’s lives are at stake—without action, global aid cuts could lead to more child deaths over the next 20 years. But that future isn’t inevitable.
- https://www.gatesfoundation.org/ideas/media-center/press-releases/2025/12/goalkeepers-child-deaths-rising-high-impact-solutions — Gates Foundation Urges Targeted Funding as Child Deaths ...
  > Dec 3, 2025 · The 2025 Goalkeepers Report warns that health funding cuts could reverse decades of progress. It outlines effective, high-impact investments to save children's lives.
- https://www.gatesfoundation.org/-/media/goalkeepers/reports/2025-goalkeepers-report_en.pdf?rev=959aaff0d53f4e19b5ec05ec9d57570a — 2025 GOALKEEPERS REPORT - gatesfoundation.org
  > New analyses (unpublished from the Gates Foundation) on a broad portfolio of new innovations against malaria show that if the tools are used effectively and deployed at scale, 5.7 million children’s lives can be saved by 2045.
- https://www.prnewswire.com/news-releases/with-child-deaths-projected-to-rise-for-the-first-time-this-century-gates-foundation-urges-global-leaders-to-target-scarce-resources-where-they-save-the-most-lives-302631842.html — With Child Deaths Projected to Rise for the First Time This ...
  > Dec 4, 2025 · According to Gates, investment in the development of next-generation innovations could end some of the deadliest threats to children, such as malaria and pneumonia, for good.
- https://goalkeepers.gatesfoundation.org/report/2026-report/ — Goalkeepers 2026 Report
  > 3 days ago · Children are still dying from preventable causes Under-5 child deaths 2000–2045 (millions)

## c07 — 2026-09-18 20:31 UTC
Query: `father died Alzheimer's 2020`

- https://en.wikipedia.org/wiki/Bill_Gates_Sr. — Bill Gates Sr. - Wikipedia
  > In 2018, it was revealed that Gates was suffering from Alzheimer's disease. [29][30] He died on September 14, 2020, aged 94, at his beach home on Hood Canal in Washington state. [4]
- https://www.nydailynews.com/2020/09/15/bill-gates-mourns-fathers-death-at-age-94-i-will-miss-my-dad-every-day/ — Bill Gates Sr., father of Microsoft founder, dies age 94
  > Sep 15, 2020 · William H. Gates Sr., civic leader and father of Microsoft founder and philanthropist Bill Gates, has died. He was 94. The cause was Alzheimer’s disease, the family said.
- https://www.yahoo.com/news/5-years-dads-alzheimers-death-210808777.html?fr=sycsrp_catchall — 5 Years After Dad's Alzheimer's Death, Bill Gates Is ... - Yahoo
  > Jun 17, 2025 · Gates' dad, William, who died in 2020, lived with the disease before his death. Bill Gates is "really excited" about the progress recently made in the fight against Alzheimer's disease...
- https://www.msn.com/en-us/news/other/andy-burnham-s-dad-has-died-following-a-battle-with-alzheimer-s-disease/ar-AA2cbtjn — Andy Burnham's dad has died following a battle with Alzheimer ...
  > Andy Burnham’s father Roy has died after a battle with Alzheimer’s disease, Downing Street has announced. The prime minister has cancelled his engagements for today and tomorrow following his ...
- https://headlinesociety.com/2025/06/17/5-years-after-dads-alzheimers-death-bill-gates-is-optimistic-about-progress-made-in-fighting-the-disease/ — 5 Years After Dad’s Alzheimer’s Death, Bill Gates Is ...
  > Jun 17, 2025 · Renowned tech mogul, Bill Gates, recently expressed his excitement about the advancements being made in the battle against Alzheimer’s disease. In a heartfelt essay published on Gates Notes, Gates conveyed his optimism about 

## c05 — 2026-09-18 20:31 UTC
Query: `Gates Foundation announcement 200 billion 20 years`

- (none) — search-error
  > DNSError: DNSError('error sending request for url (https://wt.wikipedia.org/w/api.php?action=opensearch&profile=fuzzy&limit=1&search=Gates%20Foundation%20announcement%20200%20billion%2020%20years) > error resolving DNS > DNS error: no recor

## c07 — 2026-09-18 20:31 UTC
Query: `Alzheimer's death 2020 obituary`

- https://www.dahlcares.com/obituaries/timothy-charles-alzheimer — Timothy Charles Alzheimer Obituary Aug 1, 2020 - Dahl Funeral ...
  > Timothy Charles Alzheimer, 64, graduated with highest honors on August 1, 2020 after a valiant year and a half battle with prostate cancer. He leaves behind a legacy of great professionalism and community involvement, as well as his many lo
- https://www.legacy.com/obituaries/search — Find an Obituary - Legacy.com
  > Browse our complete collection of obituaries and death notices. Start your search now to find information quickly.
- https://www.tributearchive.com/obituaries/17732052/Timothy-Charles-Alzheimer — Timothy Charles Alzheimer Obituary - Tribute Archive
  > Aug 4, 2020 · Obituary Timothy Charles Alzheimer, 64, graduated with highest honors on August 1, 2020 after a valiant year and a half battle with prostate cancer. He leaves behind a legacy of great professionalism and community involvement,
- https://alz-journals.onlinelibrary.wiley.com/doi/10.1002/alz.12068 — 2020 Alzheimer's disease facts and figures - 2020 - Alzheimer ...
  > Mar 10, 2020 · 2020 Alzheimer's Disease Facts and Figures is a statistical resource for U.S. data related to Alzheimer's disease, the most common cause of dementia. Background and context for interpretation of the data are contained in the 
- https://www.gatesnotes.com/work/cure-alzheimer-s/reader/william-henry-gates-ii-obituary — This is my dad’s story - gatesnotes.com
  > Sep 16, 2020 · The Gates family mourns the passing of William H. Gates II, known to many as Bill Sr., who died peacefully at his beach home on Hood Canal on September 14, 2020 of Alzheimer’s disease. In his 94 years, Bill created a towering

