# Source ledger

Every URL below was fetched during this run.
The essay under review is not an independent source.

## c02 — 2026-09-18 20:16 UTC
Query: `sunscreen SPF cannot block all UV light`

- https://supergoop.com/blogs/asked-answered/does-sunscreen-block-blue-light — Does Sunscreen Block Blue Light? - supergoop.com
  > May 21, 2025 · While you can’t block 100% of the blue light you encounter, applying the right SPF daily (and reapplying it regularly) is one of the simplest ways to support your skin.
- https://scienceinsights.org/does-sunscreen-block-uv-rays-how-it-actually-works/ — Does Sunscreen Block UV Rays: How It Actually Works
  > Mar 21, 2026 · Yes, sunscreen blocks UV rays, and it does so effectively when applied correctly. An SPF 30 sunscreen blocks 97% of UVB radiation, while SPF 50 blocks 98%. But how well sunscreen protects you depends on the type, how much you
- https://www.usa-shade.com/blog/not-all-shade-is-equally-protective/ — Not All Shade is Equally Protective | USA SHADE
  > One way to look at UV blocking rates is by checking the ultraviolet protection factor (UPF) of materials. UPF is similar to the sun protection factor (SPF) in sunscreen products but is used for fabrics.
- https://scienceinsights.org/how-does-sunblock-work-spf-uv-filters-explained/ — How Does Sunblock Work? SPF, UV Filters Explained
  > Mar 13, 2026 · SPF measures protection against UVB only, and the scale is not linear. SPF 15 blocks 93 percent of UVB rays.

## c02 — 2026-09-18 20:16 UTC
Query: `FDA sunscreen SPF UV protection percentage guidance`

- https://www.fda.gov/about-fda/center-drug-evaluation-and-research-cder/sun-protection-factor-spf — Sun Protection Factor (SPF) | FDA
  > This page describes how the FDA determines and evaluates sun protection factor in over-the-counter sunscreen products and the science behind this evaluation.
- https://www.fda.gov/drugs/understanding-over-counter-medicines/sunscreen-how-help-protect-your-skin-sun — Sunscreen: How to Help Protect Your Skin from the Sun | FDA
  > A sunscreen product's SPF value is primarily an indicator of the level of protection that product provides against UVB radiation, but broad-spectrum sunscreens also protect against UVA radiation.
- https://www.ecfr.gov/current/title-21/chapter-I/subchapter-D/part-352 — eCFR :: 21 CFR Part 352 -- Sunscreen Drug Products for Over-the-Counter ...
  > A labeling designation for sunscreen drug products to aid in selecting the type of product best suited to an individual's complexion (pigmentation) and desired response to ultraviolet (UV) radiation. (1) Minimal sun protection product. A su
- https://www.accessdata.fda.gov/drugsatfda_docs/omuf/monographs/OTCMonograph_M020-SunscreenDrugProductsforOTCHumanUse09242021.pdf — PDF U.S. Food and Drug Administration Sunscreen Drug Products for Over-the ...
  > For sunscreen products with a Broad Spectrum SPF value of 15 or higher according to the tests in §§ M020.80 and M020.90, the labeling may include the following statement in addition to the indication in § M020.50(c)(1): "[Bullet] if used as

## c03 — 2026-09-18 20:16 UTC
Query: `SPF 30 blocks 97% UVB rays`

- https://scienceinsights.org/how-much-does-spf-30-block-and-is-it-enough/ — How Much Does SPF 30 Block and Is It Enough? - ScienceInsights
  > May 10, 2026 · SPF 30 blocks 97% of UVB rays, the type of ultraviolet radiation responsible for sunburn. That means about 3% of burning rays still reach your skin even with proper application.
- https://scienceinsights.org/does-sunscreen-block-uv-rays-how-it-actually-works/ — Does Sunscreen Block UV Rays: How It Actually Works
  > Mar 21, 2026 · Yes, sunscreen blocks UV rays, and it does so effectively when applied correctly. An SPF 30 sunscreen blocks 97% of UVB radiation, while SPF 50 blocks 98%. But how well sunscreen protects you depends on the type, how much you
- https://www.nm.org/healthbeat/healthy-tips/quick-dose-how-much-spf-do-you-really-need — What Do the SPF Numbers Mean? - Northwestern Medicine
  > SPF measures how well a sunscreen protects against UVB rays (burning rays), but does not apply to UVA rays (aging rays). However, SPF numbers can be tricky to interpret and don’t always tell the full story. For example, SPF 30 blocks 97% of
- https://www.tuftsmedicine.org/about-us/news/dermatologists-guide-sunscreen-what-know-about-spf-sun-protection-bemotrizinol — Sunscreen Guide: SPF, UVA/UVB & Bemotrizinol Explained ...
  > Jul 6, 2026 · What SPF should you use? SPF, or Sun Protection Factor, measures how well a sunscreen protects against UVB rays. The American Academy of Dermatology recommends using a broad-spectrum sunscreen with SPF 30 or higher. For most p

## c03 — 2026-09-18 20:16 UTC
Query: `American Academy of Dermatology SPF 30 97% UVB`

- https://www.aad.org/public/everyday-care/sun-protection/shade-clothing-sunscreen/sunscreen-faqs — Sunscreen FAQs - American Academy of Dermatology
  > Feb 11, 2025 · Dermatologists recommend using a sunscreen with an SPF of at least 30, which blocks 97% of the sun's UVB rays. Higher-number SPFs block slightly more of the sun's UVB rays, but no sunscreen can block 100% of the sun's UVB ray
- https://www.jaad.org/article/S0190-9622(20)33054-1/fulltext — 2020 Update on sunscreen compliance with American Academy of ...
  > Nov 24, 2020 · The primary display panel of all remaining products were reviewed for SPF of ≥30, water resistance of 40 to 80 minutes, broad-spectrum labeling compliance with requirements by the FDA, and advertising for bronzing or tanning.
- https://atlantamedicalassociates.com/f/why-sunscreen-is-non-negotiable-a-doctor’s-guide-to-spf — Why Sunscreen is Non-Negotiable: A Doctor’s Guide to SPF
  > For most people, an SPF of 30 or higher is recommended for daily use. According to the American Academy of Dermatology, SPF 30 blocks approximately 97% of UVB rays, while SPF 50 blocks 98%.
- https://www.dermatoljournal.com/articles/commentary-sunscreen-compliance-with-american-academy-of-dermatology-recommendations-a-2022-update-and-cross-sectional-study.html — Commentary: Sunscreen Compliance with American Academy of ...
  > Jan 17, 2023 · AAD experts report that SPF 30 is essentially responsible for blocking 97% of UVB radiation if used properly.7Importantly, reproducibility of the SPF is most accurate after waiting for 15 minutes for sunscreen absorption.

## c04 — 2026-09-18 20:16 UTC
Query: `SPF 30 sunscreen burn time 30 times longer`

- https://beautynexuspro.com/skincare-routines/how-long-does-30-sunscreen-last — How Long Does SPF 30 Last? The Real Answer — Beauty Nexus Pro
  > May 19, 2026 · SPF 30 means that, under ideal laboratory conditions, it would take 30 times longer for your skin to redden compared to wearing no sunscreen. So if you normally burn in 10 minutes without protection, SPF 30 theoretically exte
- https://beautynexuspro.com/skincare-routines/how-long-does-spf-30-sunscreen-last — How Long Does SPF 30 Sunscreen Last? (2026) — Beauty Nexus Pro
  > Mar 20, 2026 · SPF—or Sun Protection Factor—is a lab-measured ratio comparing how long it takes *protected* skin to redden versus *unprotected* skin under controlled UVB light. An SPF 30 means it would take 30 times longer for your skin to 
- https://everycalculators.com/sunscreen-spf-calculator.html — Sunscreen SPF Calculator - Estimate Your Protected Sun Time
  > By inputting your natural burn time – the duration it takes for your skin to start reddening without any protection – and the Sun Protection Factor (SPF) of your chosen sunscreen, the calculator estimates your extended sun exposure time.
- https://biologyinsights.com/how-long-does-spf-30-last-and-when-should-you-reapply/ — How Long Does SPF 30 Last and When Should You Reapply?
  > Dec 14, 2025 · Sun Protection Factor 30 is a scientific measure of how much solar energy is required to cause a sunburn on protected skin compared to unprotected skin. Theoretically, if skin takes ten minutes to burn without sunscreen, SPF 

## c04 — 2026-09-18 20:16 UTC
Query: `SPF definition sun protection factor FDA sunscreen testing`

- (none) — search-error
  > DNSError: DNSError('error sending request for url (https://wt.wikipedia.org/w/api.php?action=opensearch&profile=fuzzy&limit=1&search=SPF%20definition%20sun%20protection%20factor%20FDA%20sunscreen%20testing) > error resolving DNS > DNS error

## c05 — 2026-09-18 20:16 UTC
Query: `Dr. Kassouf sunscreen tan or burn skin damage slowly`

- https://richenskin.com/can-you-put-sunscreen-over-gradual-tan.html — Can You Put Sunscreen Over Gradual Tan - richenskin.com
  > Jun 5, 2026 · Kassouf states that although skin damage happens more slowly with sunscreen, any skin color change signifies UV damage. Hence, experts affirm that wearing sunscreen is crucial even when tanning, as it reduces damage compared t
- https://virtueskinclinics.com/can-you-still-tan-woth-sunscreen-on.html — Can You Still Tan Woth Sunscreen On - virtueskinclinics.com
  > Mar 5, 2026 · Hence, tanning or burning can still occur even with proper sunscreen application, as noted by experts like Dr. Kassouf. Although sunscreen helps mitigate tanning and reduce the risk of sunburn, it does not provide total protec
- https://health.clevelandclinic.org/does-sunscreen-prevent-tanning — Does Sunscreen Prevent Tanning? - Cleveland Clinic Health ...
  > Mar 11, 2025 · Sunscreen doesn’t prevent tanning because it can’t block all UV rays. But sunscreen helps prevent skin damage that causes skin cancer, wrinkles and sunburns.
- https://health.clevelandclinic.org/does-sunburn-turn-into-tan — Will a Sunburn Turn Into a Tan? - Cleveland Clinic Health ...
  > Mar 14, 2025 · “You’ve essentially cooked your skin in ultraviolet (UV) radiation,” explains Dr. Kassouf. And while the burn may (or may not) eventually turn into a tan, bronzed skin is also damaged skin.

## c05 — 2026-09-18 20:16 UTC
Query: `sunscreen slows skin damage UV protection dermatologist guideline`

- https://www.cdc.gov/skin-cancer/sun-safety/index.html — Sun Safety Facts | Skin Cancer | CDC
  > Jun 17, 2026 · You can reduce your risk of sun damage and skin cancer by staying in the shade under an umbrella, tree, or other shelter. Your best bet to protect your skin is to use sunscreen and wear protective clothing even when you're in
- https://jamanetwork.com/journals/jamadermatology/fullarticle/2847421 — Sun Protection 101—Your Guide to Sunscreen | Dermatology ...
  > Apr 8, 2026 · Sunscreen is essential for preventing sun damage, premature aging, and skin cancer. With so many options available, choosing and using it correctly can be confusing. Here is a concise, dermatologist-approved guide to help you 
- https://www.jaad.org/article/S0190-9622(21)02981-9/fulltext — Photoprotection for skin of all color: Consensus and clinical ...
  > The American Academy of Dermatology recommends sunscreens that have an SPF of 30 or higher and are water resistant and broad spectrum, along with sun protective clothing, hat, glasses, and sun avoidance.
- https://www.jaad.org/article/S0190-9622(24)00785-0/fulltext — Sunscreens part 1: Mechanisms and efficacy - Journal of the ...
  > May 19, 2024 · With growing global awareness of UVR-induced skin damage, guidelines recommend daily sunscreen application and reapplication. In this article, we review sunscreen active and additive ingredient properties, mechanisms of actio

## c06 — 2026-09-18 20:16 UTC
Query: `Dr. Kassouf melanocyte melanin sun exposure skin protection`

- https://www.nature.com/articles/s42003-025-08725-1 — Natural protection against oxidative stress in human skin ...
  > Aug 26, 2025 · There is a wide spectrum of natural compounds that can support antioxidant effectiveness and, consequently, melanocytes redox balance. Essential vitamins, such as E, A and C, as well as...
- https://www.mdpi.com/1420-3049/25/7/1537 — Photoprotection and Skin Pigmentation: Melanin-Related ... - MDPI
  > Mar 27, 2020 · In most phenotypes, endogenous melanin is not enough for full protection, especially in the summertime. Thus, photoprotective molecules should be added to commercial sunscreens.
- https://www.researchgate.net/publication/340386391_Photoprotection_and_Skin_Pigmentation_Melanin-Related_Molecules_and_Some_Other_New_Agents_Obtained_from_Natural_Sources — Photoprotection and Skin Pigmentation: Melanin-Related ...
  > Mar 27, 2020 · The proper amount of melanin formation protects our skin from UV radiation, but excessive melanin production causes hyperpigmentation and leads to freckles, melasma, and lentigo.
- https://www.sciencedirect.com/science/article/pii/S1043661825002737 — Unveiling the dual-edged roles of melanocytes: Key insights ...
  > Aug 1, 2025 · Melanin partially protects the skin against UV-induced damage; therefore, products that effectively promote melanin production may prevent photoaging. Unlike conventional whitening and anti-aging substances, pentapeptides and 

## c06 — 2026-09-18 20:16 UTC
Query: `melanocytes increase melanin production UV exposure sunburn protection mechanism`

- https://www.mdpi.com/1420-3049/25/7/1537 — Photoprotection and Skin Pigmentation: Melanin-Related ... - MDPI
  > Mar 27, 2020 · Stimulation of natural protection through action on melanocytes and surrounding keratinocytes to stimulate the synthesis of endogenous melanin and its subsequent distribution through the melano-epidermal unit.
- https://www.nature.com/articles/s42003-025-08725-1 — Natural protection against oxidative stress in human skin ...
  > Aug 26, 2025 · Therefore, the aim of this review was to describe the oxidative damage caused in melanocytes mainly by UV radiation, as well as the possibilities and mechanisms of protecting these cells...
- https://www.sciencedirect.com/science/article/pii/S1043661825002737 — Unveiling the dual-edged roles of melanocytes: Key insights ...
  > Aug 1, 2025 · The melanocyte paradox centers on melanin's dual redox behavior: while eumelanin scavenges ROS, pheomelanin and melanin intermediates generate free radicals upon UVA exposure.
- https://www.researchgate.net/publication/340386391_Photoprotection_and_Skin_Pigmentation_Melanin-Related_Molecules_and_Some_Other_New_Agents_Obtained_from_Natural_Sources — Photoprotection and Skin Pigmentation: Melanin-Related ...
  > Mar 27, 2020 · The proper amount of melanin formation protects our skin from UV radiation, but excessive melanin production causes hyperpigmentation and leads to freckles, melasma, and lentigo.

## c07 — 2026-09-18 20:16 UTC
Query: `melanin increase causes skin tanning mechanism`

- https://scienceinsights.org/why-does-skin-tan-the-science-of-sun-and-melanin/ — Why Does Skin Tan? The Science of Sun and Melanin
  > Nov 27, 2025 · Tanning, the visible darkening of the skin, is a biological response to solar exposure. This change in pigmentation is not merely cosmetic but represents a complex cellular process. Specialized skin cells produce and distribu
- https://us.typology.com/library/tanning-how-does-it-form — The mechanism of tan formation. — Typology
  > May 25, 2023 · How does tanning occur? Tanning is a natural skin coloring process that occurs when it is exposed to UV rays. It is the result of the melanogenesis process, that is, the synthesis of melanin, a brown pigment.
- https://pmc.ncbi.nlm.nih.gov/articles/PMC8218595/ — Skin Pigmentation and its Control: From Ultraviolet Radiation ...
  > Delayed tanning occurs within days and last up to weeks or months and is due to increased melanogenesis. It is primarily driven by UVB, but there is some ambiguity regarding how "delayed tanning" terminology is used in the current literatur
- https://biologyinsights.com/why-does-skin-tan-the-role-of-uv-light-and-melanin/ — Why Does Skin Tan? The Role of UV Light and Melanin
  > Aug 17, 2025 · UVA rays contribute to immediate pigment darkening, which is a rapid, temporary effect. This occurs as UVA radiation oxidizes existing melanin and can cause it to redistribute within skin cells. While this darkening is quick,

## c07 — 2026-09-18 20:16 UTC
Query: `UV radiation induced melanogenesis skin tanning peer-reviewed study`

- https://pmc.ncbi.nlm.nih.gov/articles/PMC8218595/ — Skin Pigmentation and its Control: From Ultraviolet Radiation ...
  > In this review, we aim to provide a current overview of the understanding of skin pigmentation mechanisms, highlight recent advances, identify future areas of research, and suggest novel points of intervention.
- https://www.mdpi.com/2072-6694/17/11/1784 — Skin Photodamage and Melanomagenesis: A Comprehensive Review
  > May 26, 2025 · This overview aims to explore how ultraviolet radiation damages skin cells at a molecular level, how the body tries to repair this damage, and why these repair processes sometimes fail, leading to melanoma.
- https://pmc.ncbi.nlm.nih.gov/articles/PMC5760354/ — Mechanisms and prevention of UV-induced melanoma - PMC
  > Exposure to ultraviolet (UV) radiation, namely UVA (315–400 nm) and UVB (280–315 nm), is a major risk factor for melanoma development. Cumulative UV radiation exposure from sunlight or tanning beds contributes to UV-induced DNA damage, oxid
- https://www.mdpi.com/1422-0067/25/21/11651 — Current Insights into the Role of UV Radiation-Induced ... - MDPI
  > Oct 30, 2024 · Therefore, this study presents a comprehensive review of the impact of UV-induced metabolic alterations, specifically resulting oxidative stress in melanocytes, which serves as the foundation of their neoplastic transformatio

## c08 — 2026-09-18 20:17 UTC
Query: `sunscreen use vitamin D deficiency systematic review`

- (none) — search-error
  > DNSError: DNSError('error sending request for url (https://wt.wikipedia.org/w/api.php?action=opensearch&profile=fuzzy&limit=1&search=sunscreen%20use%20vitamin%20D%20deficiency%20systematic%20review) > error resolving DNS > DNS error: no rec

## c08 — 2026-09-18 20:17 UTC
Query: `sunscreen vitamin D status meta-analysis PubMed`

- https://www.sciencedirect.com/science/article/pii/S1530891X25001223 — Sunscreen and 25-Hydroxyvitamin D Levels: Friends or Foes? A ...
  > Jun 1, 2025 · To evaluate the impact of sunscreen use on 25-hydroxyvitamin D (25 (OH)D) levels, addressing conflicting findings from observational and interventional studies.
- https://pubmed.ncbi.nlm.nih.gov/30945275/ — The effect of sunscreen on vitamin D: a review - PubMed
  > There is little evidence that sunscreen decreases 25 (OH)D concentration when used in real-life settings, suggesting that concerns about vitamin D should not negate skin cancer prevention advice.
- https://www.endocrinepractice.org/article/S1530-891X(25)00122-3/pdf — Sunscreen and 25-Hydroxyvitamin D Levels: Friends or Foes? A ...
  > Forest plot of the meta-analysis on difference in serum concentrations of 25-hydroxyvitamin D (25(OH)D) levels between individuals who use sunscreen and those who do not, encompassing only the studies inwhich sunscreenprotection factor was 
- https://pubmed.ncbi.nlm.nih.gov/42210828/ — A Systematic Review and Meta-Analysis of Vitamin D Status of ...
  > This systematic review and meta-analysis aimed to assess 25 (OH)D status among healthy adults across different regions worldwide. We systematically searched PubMed, Web of Science, ScienceDirect and Google Scholar for observational studies 

## c09 — 2026-09-18 20:17 UTC
Query: `Dr. Kassouf vitamin D skin cancer supplements safer sun`

- https://www.cancer.org/cancer/risk-prevention/sun-and-uv/sun-safety-and-vitamin-d.html — Sun Protection and Vitamin D - American Cancer Society
  > Although vitamin D is made naturally when the skin is exposed to UV rays, it’s best to get vitamin D from your diet or vitamin supplements. It’s important to remember the harmful effects of UV rays from sunlight and tanning devices.
- https://www.sciencedirect.com/science/article/pii/S0002916523241143 — Sun exposure and vitamin D sufficiency - ScienceDirect
  > Aug 1, 2008 · Because the ultraviolet action spectra for DNA damage, skin cancer, and vitamin D 3 photosynthesis are identical and vitamin D is readily available from oral supplements, why has sun protection become controversial?
- https://www.skincancer.org/blog/sun-protection-and-vitamin-d/ — Sun Protection and Vitamin D - The Skin Cancer Foundation
  > Mar 14, 2019 · The bottom line: Food, supplements and incidental, protected sun exposure will give you all the D you need, without subjecting yourself to the multiple risks of unprotected sun exposure.
- https://melanomafocus.org/melanoma-patient-treatment-guide/health-and-wellbeing/vitamin-d-and-melanoma/ — Vitamin D and melanoma
  > Learn more about the relationship between sunlight, vitamin D, and melanoma (skin cancer).

## c09 — 2026-09-18 20:17 UTC
Query: `vitamin D supplementation vs sun exposure skin cancer risk study`

- https://www.nature.com/articles/s41598-020-70078-y — 25-Hydroxyvitamin D status, vitamin D intake, and skin cancer ...
  > Aug 4, 2020 · The positive association between 25 (OH)D levels and skin cancer risk is likely due to increased UV exposure causing both higher vitamin D levels and skin cancer risk.
- https://www.sciencedirect.com/science/article/pii/S0959804914008065 — Vitamin D and melanoma and non-melanoma skin cancer risk and ...
  > Oct 1, 2014 · While sun exposure is a known risk factor for skin cancer development, vitamin D exerts anti-proliferative and pro-apoptotic effects on melanocytes and keratinocytes in vitro.
- https://pmc.ncbi.nlm.nih.gov/articles/PMC4295013/ — Invited Review Vitamin D and skin cancer - PMC
  > Supplementing diet with vitamin D-rich foods is a better way to eliminate vitamin D deficiency, especially in darker skinned individuals, where cutaneous vitamin D production is not as effective with UVB exposure.
- https://www.sciencedirect.com/science/article/pii/S0001731024004381 — [Translated article] Vitamin D and Skin Cancer: A ...
  > Jul 1, 2024 · Although in non-melanoma skin cancer, adequate or even high levels of VD can be associated with a higher risk of developing tumors, this could be biased by the direct association between sun exposure and VD levels. Regarding m

## c10 — 2026-09-18 20:17 UTC
Query: `sunscreen shot glass two tablespoons dosage recommendation`

- https://www.skincancer.org/blog/ask-the-expert-how-much-sunscreen-should-i-be-using-on-my-face-and-body/ — Ask the Expert: How Much Sunscreen Should I Be Using on My Face and ...
  > To achieve the Sun Protection Factor (SPF) reflected on a bottle of sunscreen, you should use approximately two milligrams of sunscreen per square centimeter of skin. In practice, this means applying the equivalent of a shot glass (two tabl
- https://www.skincancer.org/blog/how-much-sunscreen-in-enough/ — How Much Sunscreen Is Enough? - The Skin Cancer Foundation
  > How Much Sunscreen Do the Experts Say We Need? For years, the Foundation and others have suggested a 1-ounce shot glass (2 tablespoons) as a measurement of sunscreen for an average adult. The Problem with That? No one-size-fits-all sunscree
- https://www.skincareful.care/science/how-much-sunscreen-to-apply-two-finger-rule/ — How Much Sunscreen to Apply: Two-Finger Rule Explained | SkinCareful
  > How much sunscreen to apply: two finger-lengths (1.2-2g) for the face, a shot glass for the body. The 2 mg/cm2 science, why skimping tanks SPF, and reapplication.
- https://summergelee.com/blogs/news/how-much-sunscreen-should-you-actually-apply-the-shot-glass-and-two-finger-rules — How Much Sunscreen Should You Actually Apply? The Shot-Glass and Two ...
  > Most people apply only a quarter to half the sunscreen they need — which quietly cuts their real SPF in half. Here's exactly how much to use on your body and face, with two simple rules to get it right.

## c10 — 2026-09-18 20:17 UTC
Query: `AAD sunscreen application amount guidelines 30 minutes before sun exposure`

- (none) — search-error
  > DNSError: DNSError('error sending request for url (https://wt.wikipedia.org/w/api.php?action=opensearch&profile=fuzzy&limit=1&search=AAD%20sunscreen%20application%20amount%20guidelines%2030%20minutes%20before%20sun%20exposure) > error resol

## c11 — 2026-09-18 20:17 UTC
Query: `Dr. Kassouf self-tanning products advice`

- https://www.forbes.com/sites/forbes-personal-shopper/article/best-self-tanner/ — Best Self-Tanners 2026 - Forbes VettedThe 6 Best Self-Tanners We Tested for a Natural ... - Glamour7 Best Self-Tanners According to 106 Testers - Good HousekeepingTips for Transitioning to Summer Skin Care - Cleveland ClinicThe Best Self-TannersBest Self-Tanner Dermatologist Recommended for Your Skin
  > Jul 10, 2026 · The best self-tanners are easy to apply and give your skin a healthy, natural-looking glow. Here are the winning products based on our tests. Aug 13, 2026 · We landed on six standout options, from beginner-friendly foams for 
- https://www.glamour.com/gallery/best-self-tanner — The 6 Best Self-Tanners We Tested for a Natural ... - Glamour
  > Aug 13, 2026 · We landed on six standout options, from beginner-friendly foams for a natural-looking finish to creams that build up gradually for the most realistic tan. Our top self-tanners
- https://www.goodhousekeeping.com/what-to-buy/g71603736/best-self-tanner/ — 7 Best Self-Tanners According to 106 Testers - Good Housekeeping
  > Jul 1, 2026 · The best face and body self-tanners for beginners, pale, and sensitive skin, including dermatologist-recommended, drugstore, gradual, and natural buys.
- https://www.wsj.com/buyside/wellness/personal-care/best-self-tanners — The Best Self-Tanners
  > Jul 9, 2026 · We talked to Trisler and other self-tanning pros, including estheticians and spray tan artists, to find out which mousses, sprays and drops they use and recommend to clients. See below for...

## c11 — 2026-09-18 20:17 UTC
Query: `dermatologist recommends sunless self-tanner instead of tanning peer-reviewed`

- https://www.consumerhealthdigest.com/skin-care/best-sunless-tanners.html — 22 Best Sunless Tanners 2026: Expert & Dermatologist Picks
  > 3 days ago · Unlike traditional self-tanners, these drops do not clog pores or cause breakouts, making them one of the best self tanner dermatologist recommended products for those with acne-prone or reactive skin.
- https://www.newbeauty.com/view/self-tanners-dermatologists-love — 29 Self Tanners Dermatologists Love to Use Themselves - NewBeauty
  > Jun 25, 2024 · The experts note that self-tanners don’t mean you can skip sunscreen, which board-certified Fort Lauderdale, FL dermatologist Dr. Matthew Elias says is a common misconception.
- https://wellwhisk.com/best-self-tanner-dermatologist-recommended/ — 7 Best Self Tanner Dermatologist Recommended | Derm-Loved Glow
  > After comparing ingredient safety, user reviews, and dermatologist testing standards, I’ve curated a list of the absolute best self tanner dermatologist recommended options for every skin type and budget.
- https://www.3verybody.com/post/best-self-tanner-dermatologist-recommended — Get Your Glow On, Doctor's Orders: Dermatologist-Recommended ...
  > Skip UV damage! Find the best self-tanner dermatologist recommended. Get a safe, natural glow with pro tips & avoid the orange.

## c12 — 2026-09-18 20:17 UTC
Query: `tanning beds 10 times more UVA rays than sun`

- (none) — search-error
  > DNSError: DNSError('error sending request for url (https://wt.wikipedia.org/w/api.php?action=opensearch&profile=fuzzy&limit=1&search=tanning%20beds%2010%20times%20more%20UVA%20rays%20than%20sun) > error resolving DNS > DNS error: no records

## c12 — 2026-09-18 20:17 UTC
Query: `tanning bed UVA radiation levels compared to sun study`

- (none) — search-error
  > DNSError: DNSError('error sending request for url (https://wt.wikipedia.org/w/api.php?action=opensearch&profile=fuzzy&limit=1&search=tanning%20bed%20UVA%20radiation%20levels%20compared%20to%20sun%20study) > error resolving DNS > DNS error: 

## c13 — 2026-09-18 20:18 UTC
Query: `tanning pills nasal sprays FDA 2024`

- (none) — search-error
  > DNSError: DNSError('error sending request for url (https://wt.wikipedia.org/w/api.php?action=opensearch&profile=fuzzy&limit=1&search=tanning%20pills%20nasal%20sprays%20FDA%202024) > error resolving DNS > DNS error: no records found for Quer

## c13 — 2026-09-18 20:18 UTC
Query: `PubMed nasal tanning spray melanotan health risks`

- (none) — search-error
  > DNSError: DNSError('error sending request for url (https://wt.wikipedia.org/w/api.php?action=opensearch&profile=fuzzy&limit=1&search=PubMed%20nasal%20tanning%20spray%20melanotan%20health%20risks) > error resolving DNS > DNS error: no record

