# Source ledger

Every URL below was fetched during this run.
The essay under review is not an independent source.

## c04 — 2026-09-18 20:09 UTC
Query: `Gates Foundation $200 billion 20 years spend`

- https://www.gatesfoundation.org/ideas/media-center/press-releases/2025/05/25th-anniversary-announcement — Gates Foundation Will Double Spending Over Next 20 Years to Accelerate ...
  > On foundation's 25th anniversary, Bill Gates outlines ambitious goals, inspiration for donating most of his resources and new timeline to spend-down by 2045 SEATTLE (May 8, 2025) - On the occasion of its 25 th year, the Gates Foundation tod
- https://www.thelancet.com/journals/lancet/article/PIIS0140-6736(25)01081-5/fulltext?dgcid=raven_jbs_etoc_email — The final 20 years of the Gates Foundation - The Lancet
  > Over the next 20 years, the Gates Foundation expects to spend more than US$200 billion on health and development projects before ceasing operations on Dec 31, 2045.
- https://www.prnewswire.com/news-releases/gates-foundation-will-double-spending-over-next-20-years-to-accelerate-progress-on-saving-and-improving-lives-302449250.html — Gates Foundation Will Double Spending Over Next 20 Years to Accelerate ...
  > The exact amount will depend on the markets and inflation, but I expect the foundation will spend more than $200 billion between now and 2045. This figure includes the balance of the endowment and ...
- https://www.gatesfoundation.org/ideas/media-center/press-releases/2026/01/historic-annual-budget-to-accelerate-mission — Gates Foundation Commits to Historic $9 Billion Annual Payout ...
  > The increase in spending is part of the foundation's commitment to accelerate its mission ahead of its planned closure in 2045. Last May, foundation Chair Bill Gates announced the foundation will invest an additional $200 billion, double wh
- https://fortune.com/2025/05/08/bill-gates-foundation-200-billion-20-years-eradicate-diseases-mortality-philanthropy/ — Bill Gates' $200 billion moonshot: Inside the biggest bet ... - Fortune
  > The Gates Foundation, having disbursed just over $100 billion in its first 25 years, will spend about $10 billion a year in its final 20 years—sums unprecedented among private foundations and ...

## c02 — 2026-09-18 20:09 UTC
Query: `China AI companion app rules minors ban 2024`

- https://www.artificialintelligence-news.com/news/china-ai-companion-rules/ — China's AI companion rules: what Beijing is really banning
  > Jul 6, 2026 · What China’s AI companion rules set out The substance is more considered than a blunt clampdown suggests. Providers are barred from offering virtual companion or virtual family-member services to minors, and must obtain guardi
- https://thesignal.in/technology/2026/07/19/china-ai-companion-fertility-crackdown-2026 — China Banned AI Companions for Minors as Its Birth Rate Hit a ...
  > Jul 19, 2026 · China's new AI companion law bans virtual relationship services for minors and forces the biggest chatbots through security review, the same year births hit a record low.
- https://www.sixthtone.com/news/1018790 — China Bans AI Romantic Partners, Virtual Relatives for Minors
  > Jul 21, 2026 · China’s first regulations on AI companion services have taken effect, setting new limits on chatbots designed to simulate emotional bonds with users and barring platforms from offering virtual partners or relatives to minors.
- https://www.omegatechnologysolutionsgroupinc.com/blog/china-bans-ai-companions-for-minors-amid-addiction-concerns-3e2d41 — China Bans AI Companions for Minors Amid Addiction Concerns
  > Jul 23, 2026 · New restrictions target emotional dependency on chatbots as Beijing positions itself as a global AI governance leader. China has banned minors from using AI companion apps and imposed new platform requirements to prevent emot
- https://www.ecostylia.com/en/china-ai-companions-banned/ — China’s AI companion rules ban minors but spare adult users
  > Jul 16, 2026 · As of July 15, 2026, China has begun regulating emotional interaction services that sustainably simulate a human personality. The regulation, signed by five agencies, bans virtual companions for minors and imposes heavy oblig

## c04 — 2026-09-18 20:09 UTC
Query: `Gates Foundation announcement spend $200 billion by 2045`

- https://www.gatesfoundation.org/ideas/media-center/press-releases/2025/05/25th-anniversary-announcement — Gates Foundation Will Double Spending Over Next 20 Years to ...
  > May 8, 2025 · The exact amount will depend on the markets and inflation, but I expect the foundation will spend more than $200 billion between now and 2045. This figure includes the balance of the endowment and my future contributions.”
- https://www.prnewswire.com/news-releases/gates-foundation-will-double-spending-over-next-20-years-to-accelerate-progress-on-saving-and-improving-lives-302449250.html — Gates Foundation Will Double Spending Over Next 20 Years to ...
  > May 8, 2025 · "Over the next two decades, we will double our giving. The exact amount will depend on the markets and inflation, but I expect the foundation will spend more than $200 billion between now...
- https://artthreat.net/39959-69299-bill-gates-releases-2026-gates-foundation-letter-detailing-ambitious-2045-goals/ — Bill Gates releases 2026 Gates Foundation letter detailing ...
  > May 30, 2026 · With a historic $9 billion annual payout commitment and plans to spend $200 billion total before its December 31, 2045 closure, the Gates Foundation is intensifying efforts to address global poverty, disease, and inequality.
- https://www.nonprofitpro.com/article/gates-foundation-will-double-spending-over-next-20-years/ — Gates Foundation Will Double Spending Over Next 20 Years
  > May 13, 2025 · The Gates Foundation is accelerating its mission by spending $200 billion over the next 20 years, while setting 2045 as the year to sunset its operations.
- https://www.chinadaily.com.cn/a/202505/09/WS681df5caa310a04af22be72b.html — Gates Foundation to spend $200 billion, wind down by 2045
  > May 9, 2025 · The Gates Foundation announced on Thursday that it plans to spend $200 billion over the next two decades and cease operations by 2045.

## c01 — 2026-09-18 20:09 UTC
Query: `Jonathan Haidt Anxious Generation children small risks quote`

- (none) — search-error
  > DNSError: DNSError('error sending request for url (https://wt.wikipedia.org/w/api.php?action=opensearch&profile=fuzzy&limit=1&search=Jonathan%20Haidt%20Anxious%20Generation%20children%20small%20risks%20quote) > error resolving DNS > DNS err

## c03 — 2026-09-18 20:09 UTC
Query: `AI used in nearly 2000 US hospitals`

- https://intuitionlabs.ai/articles/ai-adoption-us-hospitals-trends — AI Adoption in U.S. Hospitals: Trends and Use Cases
  > Jul 30, 2026 · An analysis of AI adoption trends in U.S. hospitals through 2025-2026. Examines clinical and operational use cases including ambient AI scribes, Epic's new AI tools, FDA regulatory updates, and ethical considerations in healt
- https://www.nature.com/articles/s44360-025-00016-7 — The landscape of AI implementation in US hospitals - Nature
  > Jan 15, 2026 · These findings provide a baseline snapshot of early AI deployment patterns in US hospitals in 2023 and 2024, highlighting the uneven and context-dependent nature of implementation.
- https://intuitionlabs.ai/pdfs/ai-adoption-in-u-s-hospitals-trends-and-use-cases.pdf — AI Adoption in U.S. Hospitals: Trends and Use Cases
  > Below we explore major categories of AI usage – clinical decision support, diagnostics/imaging, surgery, administrative operations, patient engagement, predictive analytics, and workforce optimization – with examples of how top institutions
- https://jamanetwork.com/journals/jamanetworkopen/fullarticle/2842683 — Uptake of Generative AI Integrated With Electronic Health ...
  > Dec 12, 2025 · This survey study describes the current and planned implementation of generative artificial intelligence (AI) in nonfederal acute care US hospitals.
- https://www.stlouisfed.org/on-the-economy/2025/jul/use-ai-health-care-workplace-us-experience — The Use of AI in the U.S. Health Care Workplace | St. Louis Fed
  > Jul 15, 2025 · AI has the potential to impact the health care workforce by optimizing operations and potentially addressing worker shortages and gaps in access to care. It is already being used in a wide range of functions, such as assistin

## c02 — 2026-09-18 20:09 UTC
Query: `China Cyberspace Administration AI companion regulation minors`

- https://www.arturmarkus.com/chinas-ai-companion-rules-take-effect-july-15-2026-five-agencies-ban-virtual-partners-for-minors-mandate-addiction-detection/ — China’s AI Companion Rules Take Effect July 15, 2026—Five ...
  > Jun 19, 2026 · Five Chinese government agencies just created the world’s first dedicated regulation for emotionally interactive AI, banning virtual girlfriends and boyfriends for anyone under 18. While Western regulators debate definitions,
- https://www.artificialintelligence-news.com/news/china-ai-companion-rules/ — China's AI companion rules: what Beijing is really banning
  > Jul 6, 2026 · The regulation is the Interim Measures for the Administration of AI Anthropomorphic Interactive Services, co-issued on April 10, 2026, by the Cyberspace Administration of China and four partner agencies: the National Developme
- https://comparativeai.org/rules/china/anthropomorphic-interaction-services/ — Interim Measures for the Administration of AI Anthropomorphic ...
  > Apr 10, 2026 · Significance: This is China’s first dedicated departmental rule on the category of “AI anthropomorphic interaction services,” covering scenarios such as AI companions / virtual lovers / elder companionship / child caretaker /
- https://www.licentium.io/post/china-regulates-ai-companion-services-banning-minor-access-effective-15-july-2026 — China Regulates AI Companion Services, Banning Minor Access ...
  > Jul 1, 2026 · The Measures prohibit AI virtual companion and virtual relative services for minors, require algorithm filing and security assessment for covered providers, and mandate addiction-detection mechanisms.
- https://aisafetychina.substack.com/p/china-bans-ai-partners-for-minors — Brief #27: China bans AI partners for minors and lays out AI ...
  > May 6, 2026 · A finalized regulation on emotional “AI companions” softens several requirements while strengthening child protection, including age-tiered modes, parental consent for under-14s, and a ban on virtual partner services for minor

## c01 — 2026-09-18 20:09 UTC
Query: `The Anxious Generation book Jonathan Haidt publisher`

- https://en.wikipedia.org/wiki/The_Anxious_Generation — The Anxious Generation - Wikipedia
  > Haidt examines statistics for those under 18 on a number of mental health criteria, including mental health diagnoses such as anxiety disorders and major depression, self-harm episodes, and suicide rates. For each, there was a sudden uptick
- https://www.amazon.com/Anxious-Generation-Rewiring-Childhood-Epidemic/dp/0593655036 — The Anxious Generation: How the Great Rewiring of Childhood ...The Anxious Generation by Jonathan Haidt - Oprah.comAmazon.com: The Anxious Generation: 9781802063271: Haidt ...The Anxious Generation — BookThe Anxious Generation - Books | Jonathan HaidtThe Anxious Generation - Penguin Books UK
  > Mar 26, 2024 · In The Anxious Generation, social psychologist Jonathan Haidt (pronounced "height") lays out the facts about the epidemic of teen mental illness that hit many countries at the same time. The Anxious Generation By Jonathan Hai
- https://www.oprah.com/book/the-anxious-generation-by-jonathan-haidt — The Anxious Generation by Jonathan Haidt - Oprah.com
  > The Anxious Generation By Jonathan Haidt Publisher: Penguin Press Pages: 400 Tags: Self-Improvement Teens
- https://www.amazon.com/Anxious-Generation-Haidt-Jonathan/dp/1802063277 — Amazon.com: The Anxious Generation: 9781802063271: Haidt ...The Anxious Generation — BookThe Anxious Generation - Books | Jonathan HaidtThe Anxious Generation - Penguin Books UK
  > Oct 10, 2024 · In "The Anxious Generation", Haidt shows how, between 2010 and 2015, childhood and adolescence got rewired. As teens traded in their flip phones for smartphones packed with social media apps, time online soared, including tim
- https://www.anxiousgeneration.com/book — The Anxious Generation — Book
  > Jon Haidt’s #1 New York Times bestseller documents how the rise of smartphones and social media, as well as the decline of independence and free play, rapidly rewired childhood and caused a global mental health crisis for kids and teens.

## c03 — 2026-09-18 20:09 UTC
Query: `hospital AI adoption statistics American Hospital Association`

- https://www.aha.org/topics/artificial-intelligence-ai — Artificial Intelligence (AI) - American Hospital Association
  > Sep 8, 2026 · American Hospital Association resources on artificial intelligence (AI) and machine learning, their impact on the health care field, and AI and machine learning innovation in hospitals and health systems.
- https://intuitionlabs.ai/pdfs/ai-in-hospitals-2025-adoption-trends-statistics.pdf — AI in Hospitals: 2025 Adoption Trends & Statistics
  > The 2023–2024 American Hospital Association (AHA) IT Supplement data show that in both years, large hospitals (>400 beds) had AI usage around 90–96%, whereas small hospitals (<100 beds) were at only 53–59%【
- https://hmpi.org/2026/07/09/ai-adoption-and-hospital-performance-evidence-from-2979-u-s-hospitals/ — HMPI AI Adoption and Hospital Performance: Evidence from ...
  > Jul 9, 2026 · This paper provides a statistical analysis of data from the American Hospital Association (AHA) database and an empirical examination of the relationship between hospital AI adoptions levels and operational efficiency, compari
- https://www.healthit.gov/data/data-briefs/hospital-trends-use-evaluation-and-governance-predictive-ai-2023-2024/ — Hospital Trends in the Use, Evaluation, and Governance of ...
  > Jun 30, 2026 · In the context of broad proliferation of AI in health care, this report examines trends in the foundational use, evaluation, and governance of predictive AI using data from the 2023 and 2024 American Hospital Association (AHA
- https://intuitionlabs.ai/articles/ai-adoption-us-hospitals-2025 — AI in Hospitals: 2025 Adoption Trends & Statistics
  > Oct 17, 2025 · Explore 2025 data on AI adoption in U.S. hospitals. This report covers key statistics, use cases like sepsis detection, EHR integration, and adoption disparitie. AI technologies have become pervasive in U.S. hospitals by 2025

## c05 — 2026-09-18 20:09 UTC
Query: `Gates Foundation child mortality cut in half 2000 2024`

- https://www.gatesnotes.com/How-to-cut-child-mortality-in-half-again — How to cut child mortality in half again | Bill Gates
  > Apr 2, 2024 · Bill Gates discusses the reduction in childhood deaths from 12 million in 1990 to 5 million now, and shares interventions that can save millions more by 2040.
- https://www.gatesfoundation.org/ideas/media-center/press-releases/2025/12/goalkeepers-child-deaths-rising-high-impact-solutions — Gates Foundation Urges Targeted Funding as Child Deaths ...
  > Dec 3, 2025 · According to Gates, investment in the development of next-generation innovations could end some of the deadliest threats to children, such as malaria and pneumonia, for good. Modeling in the report projects that sustained fund
- https://www.gatesfoundation.org/ideas/articles/cut-child-mortality-global-health — Why I’m Still Optimistic About Global Health - Bill Gates
  > Sep 22, 2025 · If the world invests in child health and scales lifesaving innovations, we could cut child deaths in half again over the next 20 years. A suite of new approaches to malaria, including innovations that prevent mosquitoes from 
- https://www.gatesnotes.com/the-gates-foundation-transformational-breakthrough — The Gates Foundation's biggest breakthrough | Bill Gates
  > May 15, 2025 · At the Gates Foundation, we used to say we could cut child mortality in half again by 2040. The truth, though, is that goal feels further out of reach now—not because the science has stalled, but because support for global he
- https://www.linkedin.com/pulse/how-cut-child-mortality-half-again-bill-gates-xwrcc/ — How to cut child mortality in half… again - LinkedIn
  > Apr 3, 2024 · In 1990, the possibility that the world would be able to cut child mortality in half over the next thirty years would have seemed just as remote. But that’s exactly what happened.

## c05 — 2026-09-18 20:09 UTC
Query: `Gates Foundation goals child mortality report`

- https://www.gatesfoundation.org/ideas/media-center/press-releases/2025/12/goalkeepers-child-deaths-rising-high-impact-solutions — Gates Foundation Urges Targeted Funding as Child Deaths ...
  > Dec 3, 2025 · In the report, Gates identifies investments with the greatest potential to save millions of young lives. He calls for doubling down on the most effective interventions—primary health care, routine immunizations, better vaccine
- https://www.gatesfoundation.org/-/media/goalkeepers/reports/2025-goalkeepers-report_en.pdf?rev=959aaff0d53f4e19b5ec05ec9d57570a — 2025 GOALKEEPERS REPORT - gatesfoundation.org
  > The innovations included a portfolio of products and effect sizes on cause-specific mortality using simulations from the Gates Foundation. IHME used these effect sizes to estimate both cause-specific and total under-5 lives saved through in
- https://goalkeepers.gatesfoundation.org/report/2025-report/ — 2025 Report - Goalkeepers
  > By Bill Gates Chair, Gates Foundation A Generation of Progress, A Choice to Make The death of a child is always a tragedy. But there's something especially devastating about a child dying of a disease we know how to prevent. For decades, th
- https://time.com/7338791/childhood-mortality-increasing-gates-foundation/ — For the First Time This Century, Child Mortality Is Likely to ...
  > Dec 5, 2025 · The latest report from the Gates Foundation predicts an alarming trend for the health of children around the world.
- https://globalhealth.emory.edu/programs/champs.html — Child Health and Mortality Prevention Surveillance Network ...
  > Launched in 2015 with funding from the Bill & Melinda Gates Foundation, CHAMPS surveillance, diagnostics, and results have been empowering parents, communities, partners, and policymakers to save young lives.

## c06 — 2026-09-18 20:09 UTC
Query: `US government reorganization after 9/11 national security`

- https://www.hstoday.us/911/25-years-after-9-11-the-evolution-of-homeland-security-and-the-challenges-of-a-new-security-era/ — 25 Years After 9/11: How the Homeland Security Mission Has ...
  > Sep 11, 2026 · Twenty-five years after 9/11, we should honor those who died on that day, those who responded, those who went on to serve in the military and government, and the thousands of professionals who have dedicated the last 25 years
- https://homeland.house.gov/2026/09/10/25th-anniversary-report-national-security-improvements-and-the-domestic-threat-landscape-25-years-after-9-11-01/ — 25th Anniversary Report: National Security Improvements and ...
  > Sep 10, 2026 · “In keeping with the mandate to prevent and deter future domestic terror attacks, this report provides a comprehensive assessment of the United States’ domestic threat landscape and assesses improvements made to the country’s
- https://www.axios.com/2026/09/11/911-anniversary-national-security-changes — 9/11 anniversary: How national security has evolved in 25 years
  > Sep 11, 2026 · Twenty-five years after the Sept. 11 attacks, some lessons remain deeply ingrained in the national security apparatus — while others have faded. The big picture: A vast majority of Americans say the attacks forever changed th
- https://www.npr.org/2026/09/09/nx-s1-5910810/sept-11-national-security-intelligence — How did Sept. 11 reshape national security? : Sources ... - NPR
  > Sep 9, 2026 · A fourth plane crashed into a field in Shanksville, Pa.. Sept. 11, 2001 represented a new kind of national security threat, and a new national security architecture was created to confront it.
- https://www.hsaj.org/articles/174 — The Disaster after 9/11: The Department of Homeland Security ...
  > Sep 11, 2001 · In reorganizing homeland defense after 9/11, the government had three options: White House control, power sharing between agencies, or congressional control.

## c07 — 2026-09-18 20:09 UTC
Query: `father died Alzheimer's 2020`

- https://en.wikipedia.org/wiki/Bill_Gates_Sr. — Bill Gates Sr. - Wikipedia
  > In 2018, it was revealed that Gates was suffering from Alzheimer's disease. [29][30] He died on September 14, 2020, aged 94, at his beach home on Hood Canal in Washington state. [4]
- https://www.nydailynews.com/2020/09/15/bill-gates-mourns-fathers-death-at-age-94-i-will-miss-my-dad-every-day/ — Bill Gates Sr., father of Microsoft founder, dies age 94
  > Sep 15, 2020 · William H. Gates Sr., civic leader and father of Microsoft founder and philanthropist Bill Gates, has died. He was 94. The cause was Alzheimer’s disease, the family said.
- https://www.yahoo.com/news/5-years-dads-alzheimers-death-210808777.html?fr=sycsrp_catchall — 5 Years After Dad's Alzheimer's Death, Bill Gates Is ... - Yahoo
  > Jun 17, 2025 · Gates' dad, William, who died in 2020, lived with the disease before his death. Bill Gates is "really excited" about the progress recently made in the fight against Alzheimer's disease...
- https://headlinesociety.com/2025/06/17/5-years-after-dads-alzheimers-death-bill-gates-is-optimistic-about-progress-made-in-fighting-the-disease/ — 5 Years After Dad’s Alzheimer’s Death, Bill Gates Is ...
  > Jun 17, 2025 · Renowned tech mogul, Bill Gates, recently expressed his excitement about the advancements being made in the battle against Alzheimer’s disease. In a heartfelt essay published on Gates Notes, Gates conveyed his optimism about 
- https://people.com/human-interest/bill-gates-father-dead-at-94/ — Bill Gates' Father William Dead at 94: 'He Was Everything I ...
  > Sep 15, 2020 · Bill Gates ' father — former attorney William H. Gates Sr. — has died. He was 94. The Microsoft billionaire, 64, announced the death in a post published on his blog Tuesday, writing, "My...

## c06 — 2026-09-18 20:09 UTC
Query: `Department of Homeland Security creation biggest reorganization since WWII`

- (none) — search-error
  > DNSError: DNSError('error sending request for url (https://wt.wikipedia.org/w/api.php?action=opensearch&profile=fuzzy&limit=1&search=Department%20of%20Homeland%20Security%20creation%20biggest%20reorganization%20since%20WWII) > error resolvi

## c07 — 2026-09-18 20:09 UTC
Query: `Alzheimer's disease death statistics 2020 CDC`

- https://www.cdc.gov/nchs/fastats/alzheimers.htm — FastStats - Alzheimers Disease
  > Feb 18, 2026 · Source: National Vital Statistics System – Mortality Data (2024) via CDC WONDER.
- https://www.cdc.gov/nchs/state-stats/deaths/alzheimers.html — Alzheimer's Disease Mortality | Stats of the States | CDC
  > Mar 1, 2026 · Find death (mortality) rates from Alzheimer's disease for each state in map and table formats. The mortality rate is the number of deaths per 100,000 total population. Mortality rates are age-adjusted to account for difference
- https://alz-journals.onlinelibrary.wiley.com/doi/full/10.1002/alz.12068 — 2020 Alzheimer's disease facts and figures - 2020 - Alzheimer ...
  > Mar 10, 2020 · Official death certificates recorded 122,019 deaths from AD in 2018, the latest year for which data are available, making Alzheimer's the sixth leading cause of death in the United States and the fifth leading cause of death 
- https://act.alz.org/site/DocServer/2020-Facts-and-Figures-Report.pdf?docID=61840 — 2020 Alzheimer's Disease Facts and Figures - act.alz.org
  > Jan 6, 2020 · is a statistical resource for U.S. data related to Alzheimer’s disease, the most common cause of dementia. Background and context for interpretation of the data are contained in the Overview. Additional sections address preval
- https://alz-journals.onlinelibrary.wiley.com/doi/abs/10.1002/alz.12068 — 2020 Alzheimer's disease facts and figures - 2020 ...
  > Official death certificates recorded 122,019 deaths from AD in 2018, the latest year for which data are available, making Alzheimer's the sixth leading cause of death in the United States and the fifth leading cause of death among Americans

