# Source ledger

Every URL below was fetched during this run.
The essay under review is not an independent source.

## c02 — 2026-09-18 21:04 UTC
Query: `UVB rays melanoma skin cancer risk`

- https://pmc.ncbi.nlm.nih.gov/articles/PMC5760354/ — Mechanisms and prevention of UV-induced melanoma - PMC
  > Melanoma is the deadliest form of skin cancer and its incidence is rising, creating a costly and significant clinical problem. Exposure to ultraviolet (UV) radiation, namely UVA (315–400 nm) and UVB (280–315 nm), is a major risk factor for 
- https://www.cancer.org/cancer/risk-prevention/sun-and-uv/uv-radiation.html — Does UV Radiation Cause Cancer? | American Cancer Society
  > UV (Ultraviolet) Radiation and Cancer Risk Exposure to ultraviolet (UV) radiation is a major risk factor for skin cancers, including basal cell carcinoma, squamous cell carcinoma, and melanoma.
- https://stacks.cdc.gov/view/cdc/41481/cdc_41481_DS1.pdf — Ultraviolet Radiation Exposure and Its Impact on Skin Cancer Risk
  > Most skin cancers are caused by a combination of both non-modifiable (eg, genetic) and modifiable (eg, environmental) risk factors. The most common modifiable risk factor for skin cancer is exposure to ultraviolet radiation (UV).
- https://academic.oup.com/jnci/article/116/12/1928/7730113 — Ambient ultraviolet A, ultraviolet B, and risk of melanoma in ...
  > Aug 8, 2024 · We found little evidence that childhood ambient UVB was associated with risk of melanoma after adjustment for UVA, and for lifetime UVB, several effect estimates were significantly below the null value of 1.
- https://www.cancercenter.com/cancer-types/skin-cancer/risk-factors/uv-rays — UV Rays: Types of Ultraviolet Rays; UVA, UVB, UVC and Cancer
  > Oct 20, 2022 · Using sunscreen is the best way to reduce the risk of developing skin cancer, including melanoma. Natural sunlight is a major source of damaging UV rays, but there are other ways people may be exposed, too.

## c02 — 2026-09-18 21:04 UTC
Query: `American Cancer Society UVB rays melanoma risk`

- https://www.cancer.org/cancer/risk-prevention/sun-and-uv/uv-radiation.html — Does UV Radiation Cause Cancer? | American Cancer Society
  > Exposure to UV radiation, whether from sunlight or tanning devices, can damage the DNA in skin cells. Over time, this damage can build up and cause cells to grow out of control. When this happens, skin cancer can develop.
- https://www.cancer.org/cancer/risk-prevention/sun-and-uv.html — Sun Safety - American Cancer Society
  > Learn how UV rays affect your health, ways to protect your skin, and steps you can take to lower your cancer risk. You can also learn about sunless tanning products and get answers to other common questions about sun safety.
- https://www.fightcancer.org/sites/default/files/Skin+Cancer+Fact+Sheet+01.10.20.pdf — Just the Facts: Skin Cancer - American Cancer Society Cancer ...
  > Oct 20, 2001 · UVA – The most common kind of UV light which penetrates below the top layer of skin. Wavelength ranges from 315 to 400 nanometers (nm). UVB – UV light which does not penetrate as deeply as UVA rays, but still damages the skin
- https://melanoma.org/melanoma-education/prevention/ — Prevention & Awareness – Melanoma Research Foundation
  > Mar 31, 2026 · Nearly 93% of cutaneous melanoma cases in the US are attributable to ultraviolet (UV) exposure. This is a major risk factor that you can prevent over the course of your lifetime.
- https://academic.oup.com/jnci/article/116/12/1928/7730113 — Ambient ultraviolet A, ultraviolet B, and risk of melanoma in ...
  > Aug 8, 2024 · We found little evidence that childhood ambient UVB was associated with risk of melanoma after adjustment for UVA, and for lifetime UVB, several effect estimates were significantly below the null value of 1.

## c04 — 2026-09-18 21:04 UTC
Query: `SPF 30 skin burn 30 times longer`

- (none) — search-error
  > error sending request for url (https://html.duckduckgo.com/html/) > A connection attempt failed because the connected party did not properly respond after a period of time, or established connection failed because connected host has failed 

## c01 — 2026-09-18 21:04 UTC
Query: `Amy Kassouf MD dermatologist sunscreen skin darkening`

- (none) — search-error
  > error sending request for url (https://html.duckduckgo.com/html/) > A connection attempt failed because the connected party did not properly respond after a period of time, or established connection failed because connected host has failed 

## c03 — 2026-09-18 21:04 UTC
Query: `SPF 30 blocks 97% UVB rays`

- (none) — search-error
  > error sending request for url (https://html.duckduckgo.com/html/) > A connection attempt failed because the connected party did not properly respond after a period of time, or established connection failed because connected host has failed 

## c04 — 2026-09-18 21:04 UTC
Query: `Skin Cancer Foundation SPF burn time multiplier`

- https://everycalculators.com/sunscreen-spf-calculator.html — Sunscreen SPF Calculator - Estimate Your Protected Sun Time
  > Formula Explained: The calculator multiplies your natural burn time by the SPF value of your sunscreen. For example, if you naturally burn in 10 minutes and use SPF 30, you're theoretically protected for 30 times longer (10 minutes * 30 = 3
- https://checkmole.com/tools/sunscreen-calculator/ — Sunscreen Calculator: How Long Until You Burn? Free SPF & UV ...
  > Calculate how long sunscreen protects you based on UV index, your skin type, and SPF. Free Diffey-model burn-time calculator with reapply schedule and per-zone dose chart.
- https://www.ginticalc.com/health/spf-protection — SPF Protection Time Calculator | Sun Exposure · GintiCalc
  > Estimate how long sunscreen protects your skin based on SPF rating and your unprotected burn time.
- https://best-calculators.com/tools/sunscreen-calculator/ — Sunscreen Calculator - Estimated Sun Time and SPF Solver
  > Jun 19, 2026 · Free sunscreen calculator for estimated time before sunburn. Enter UV index, altitude, skin type, and SPF to get the estimated window and minimum SPF.
- https://healthcalculatoronline.com/uv-index-calculator/ — UV Index Calculator — Burn Time by Skin Type & SPF
  > Apr 11, 2026 · Free UV index calculator estimates your sunburn time by skin type, SPF, clouds, altitude and surface. See burn time tables and safe sun exposure guidance.

## c01 — 2026-09-18 21:04 UTC
Query: `Cleveland Clinic Amy Kassouf sunscreen article`

- (none) — search-error
  > error sending request for url (https://html.duckduckgo.com/html/) > A connection attempt failed because the connected party did not properly respond after a period of time, or established connection failed because connected host has failed 

## c03 — 2026-09-18 21:04 UTC
Query: `FDA SPF 30 UVB protection percentage`

- (none) — search-error
  > error sending request for url (https://html.duckduckgo.com/html/) > A connection attempt failed because the connected party did not properly respond after a period of time, or established connection failed because connected host has failed 

## c08 — 2026-09-18 21:04 UTC
Query: `tanning beds UVA rays 10 times more sun`

- https://talkingtan.com/are-tanning-beds-worse-than-the-sun/ — Are Tanning Beds Worse Than the Sun? The Real Evidence
  > Yes — tanning beds are generally considered worse for your skin than the sun, and the evidence behind that conclusion is substantial. The core reason is UV intensity: high-pressure tanning beds can emit UVA radiation at levels 10 to 15 time
- https://health.clevelandclinic.org/tanning-bed-dangers — Are Tanning Beds Bad for You? - Cleveland Clinic Health ...
  > Jul 2, 2026 · Both tanning beds and the sun emit harmful UVA rays — but tanning beds emit far more of them. In fact, older yet oft-cited research shows that tanning beds can emit 10 to 15 times more UVA rays than the sun. “Tanning beds are 
- https://biologyinsights.com/are-tanning-beds-worse-than-the-sun/ — Are Tanning Beds Worse Than the Sun? - Biology Insights
  > Dec 15, 2025 · Many tanning beds are engineered to emit a high concentration of UVA rays, often at levels 10 to 15 times higher than the midday sun. This high-intensity exposure rapidly causes DNA damage, accelerating both the visible signs
- https://www.skincancer.org/blog/5-myths-indoor-tanning-busted/ — 5 Myths of Indoor Tanning, Busted! - The Skin Cancer Foundation
  > Jan 26, 2024 · It’s the UVB rays that interact with a protein in the skin to convert it into vitamin D. Tanning beds mostly emit UVA rays, which won’t improve your vitamin D level.
- https://metroderm.org/the-dangers-of-the-tanning-bed/ — The Dangers of the Tanning Bed | MetroDerm | Atlanta
  > Tanning beds are worse than lying in the sun. UVA rays penetrate deeper into the layers of the skin, and there is definitely a higher risk of cancer associated with acquiring a tan via tanning bed.

## c05 — 2026-09-18 21:04 UTC
Query: `melanocyte cells melanin sun exposure burning protection`

- https://scienceinsights.org/does-melanin-protect-you-from-the-sun-the-real-answer/ — Does Melanin Protect You from the Sun? The Real Answer
  > Mar 27, 2026 · Melanin’s protection isn’t evenly distributed across all types of UV damage. It’s most effective against UVB radiation, the wavelengths responsible for sunburn and direct DNA damage.
- https://www.mdpi.com/1420-3049/25/7/1537 — Photoprotection and Skin Pigmentation: Melanin-Related ... - MDPI
  > Mar 27, 2020 · Stimulation of natural protection through action on melanocytes and surrounding keratinocytes to stimulate the synthesis of endogenous melanin and its subsequent distribution through the melano-epidermal unit.
- https://scienceinsights.org/how-does-melanin-protect-the-skin-from-uv-rays/ — How Does Melanin Protect the Skin from UV Rays?
  > Mar 6, 2026 · Melanin protects your skin through multiple mechanisms that work together: it physically blocks UV rays, absorbs radiation and converts it to harmless heat, and neutralizes dangerous molecules that UV exposure creates inside y
- https://www.nature.com/articles/s42003-025-08725-1.pdf — Natural protection against oxidative stress in human skin ...
  > The skin cells involved in photoprotection are melanocytes responsible for the synthesis of melanin and contributing to the pigmentation and photoprotection of the body, but also...
- https://www.merckmanuals.com/professional/dermatologic-disorders/reactions-to-sunlight/overview-of-effects-of-sunlight — Overview of Effects of Sunlight - Dermatology - Merck Manual ...Skin Pigmentation & Melanin: Melanocytes, Melanin Production ...Melanin’s Role in Sun Safety and UV Defense: Expert Q&A
  > Apr 1, 2026 · As a protective response after exposure to sunlight, the epidermis thickens, and melanocytes produce the pigment melanin at an increased rate, causing what is commonly referred to as a "tan." Tanning provides some natural prot

## c06 — 2026-09-18 21:04 UTC
Query: `sunscreen vitamin D deficiency review study`

- (none) — search-error
  > error sending request for url (https://html.duckduckgo.com/html/) > A connection attempt failed because the connected party did not properly respond after a period of time, or established connection failed because connected host has failed 

## c07 — 2026-09-18 21:04 UTC
Query: `sunscreen two tablespoons shot glass application amount`

- https://www.verywellhealth.com/how-to-apply-sunscreen-11782150 — The Proper Way to Apply Sunscreen - Verywell Health
  > Aug 25, 2026 · Use about 1 ounce (2 tablespoons, or a shot glass full) to cover your whole body, including often-missed spots like ears, back, and behind knees. Reapply at least every 2 hours, and after swimming, sweating, or toweling off.
- https://beautynexuspro.com/skincare-routines/how-much-sunscreen — Sunscreen Amount: Ounces, Timing & Reapplication (2026)
  > Dec 27, 2025 · A dermatologist-backed, step-by-step guide revealing the precise amount of sunscreen you need per application—and why guessing leads to 3.4x higher UV exposure, premature aging, and increased skin cancer risk.
- https://www.skincancer.org/blog/how-much-sunscreen-in-enough/ — How Much Sunscreen Is Enough? - The Skin Cancer Foundation
  > Jun 16, 2026 · How Much Sunscreen Do the Experts Say We Need? For years, the Foundation and others have suggested a 1-ounce shot glass (2 tablespoons) as a measurement of sunscreen for an average adult. The Problem with That? No one-size-fi
- https://sunscreenranker.com/blog/2025-how-much-sunscreen-actually-apply-shot-glass-two-finger/ — How Much Sunscreen to Apply: The Shot-Glass Rule
  > Most adults need about 1 ounce of sunscreen — roughly enough to fill a shot glass — to cover all exposed skin, plus at least 1 teaspoon for the face alone.
- https://dermapproved.com/tools/sunscreen-amount/ — Sunscreen Amount Calculator — How Much Sunscreen Do You ...
  > For an average adult, roughly 30–40 g per application — the classic "shot glass" (about one ounce) rule. The precise figure depends on your body surface area: at the tested dose of 2 mg per square centimetre, a 170 cm, 70 kg adult works out

## c08 — 2026-09-18 21:04 UTC
Query: `Skin Cancer Foundation tanning bed UVA radiation levels`

- https://www.skincancer.org/risk-factors/uv-radiation/ — UV Radiation - The Skin Cancer Foundation
  > Two types of UV light are proven to contribute to the risk for skin cancer: Ultraviolet A (UVA) has a longer wavelength. It is mainly associated with tanning and skin aging but can also lead to sunburn. Ultraviolet B (UVB) has a shorter wav
- https://aimatskincancer.org/skin-cancer-prevention/ultraviolet-uv-radiation/ — Ultraviolet (UV) Radiation - AIM at Skin Cancer Foundation
  > Most indoor tanning beds emit UVA rays. UVB is the second most potent type of UV radiation. It penetrates the top layer of the skin and is the primary cause of sunburns (remember “B” for burns). UVB is the leading cause of basal cell and sq
- https://aimatskincancer.org/skin-cancer-prevention/prevention-of-skin-cancer-indoor-tanning/ — Indoor Tanning - AIM at Skin Cancer Foundation
  > Tanning beds continuously emit concentrated levels of UV rays. This constant bombardment of high-intensity radiation significantly increases the risk of developing skin cancer. Furthermore, frequent indoor tanners usually start at a young a
- https://www.skincancer.org/blog/from-tanning-beds-to-skin-cancer/ — From Tanning Beds to Skin Cancer
  > May 7, 2025 · Now we know that tanning beds expose your skin to 10 to 15 times more UV radiation than what you get from the sun. And hundreds of thousands of cases of skin cancer in the U.S. each year are linked to indoor tanning.
- https://www.cdc.gov/skin-cancer/sun-safety/index.html — Sun Safety Facts | Skin Cancer | CDC
  > Jun 17, 2026 · You can work and play outside without raising your skin cancer risk by protecting your skin from the sun. Most skin cancers are caused by too much exposure to ultraviolet (UV) rays. UV rays are an invisible kind of radiation 

## c05 — 2026-09-18 21:04 UTC
Query: `American Academy of Dermatology melanocytes melanin sun`

- https://www.jaad.org/article/S0190-9622(10)02116-X/fulltext — Melanocytes in nonlesional sun-exposed skin: A multicenter ...
  > The current study provides novel and more detailed quantitative data on melanocyte density and distribution on permanent sections of nonlesional sun-exposed skin.
- https://link.springer.com/article/10.1007/s40257-021-00670-z — Photoprotection for Skin of Color | American Journal of ...
  > Jan 19, 2022 · Photoprotection behaviors can mitigate skin damage caused by ultraviolet radiation, and common methods include seeking shade, avoiding sun exposure during peak daylight hours, wearing sun-protective clothing, applying sunscre
- https://www.dermatologytimes.com/view/sun-exposure-and-melanoma-sun-seeking-and-sun-protection-fact-and-fiction — Sun Exposure and Melanoma, Sun-Seeking, and Sun Protection ...
  > Mar 27, 2022 · An expert debunks the myths surrounding sun-related factors associated with melanoma in a presentation at the 2022 American Academy of Dermatology Annual Meeting.
- https://www.jidonline.org/article/S0022-202X(25)02251-1/fulltext — Beyond the Skin Surface: Melanocyte Biology and the Spectrum ...
  > Jan 25, 2025 · A striking physiological variance between human beings is the color of their skin, which is evident across human populations. Skin color is determined by the amount of eumelanin, a subtype of the pigment melanin in the skin, 
- https://www.sciencedirect.com/science/article/pii/S0022202X25022511 — Beyond the Skin Surface: Melanocyte Biology and the Spectrum ...
  > Dec 1, 2025 · Variations in melanin production relate to the melanocyte's activity influencing how melanocytes contribute to skin pigmentation. This serves a more prominent role than the proportions of either eumelanin or pheomelanin in det

## c06 — 2026-09-18 21:05 UTC
Query: `systematic review sunscreen use vitamin D levels`

- https://www.sciencedirect.com/science/article/pii/S1530891X25001223 — Sunscreen and 25-Hydroxyvitamin D Levels: Friends or Foes? A ...
  > Jun 1, 2025 · To evaluate the impact of sunscreen use on 25-hydroxyvitamin D (25 (OH)D) levels, addressing conflicting findings from observational and interventional studies.
- https://www.endocrinepractice.org/article/S1530-891X(25)00122-3/fulltext — Sunscreen and 25-Hydroxyvitamin D Levels: Friends or Foes? A ...
  > Feb 4, 2025 · In light of these inconsistencies, this systematic review and meta-analysis aims to critically evaluate the existing literature on the relationship between sunscreen use and 25 (OH)D levels.
- https://onlinelibrary.wiley.com/doi/abs/10.1111/bjd.17980 — The effect of sunscreen on vitamin D: a review - Neale - 2019 ...
  > Apr 4, 2019 · Sunscreen use can prevent skin cancer, but there are concerns that it may increase the risk of vitamin D deficiency. We aimed to review the literature to investigate associations between sunscreen use and vitamin D 3 or 25 hyd
- https://academic.oup.com/bjd/article-abstract/193/6/1128/8250458 — Effect of daily sunscreen application on vitamin D: findings ...
  > Sep 10, 2025 · Our findings provide evidence that daily use of high SPF sunscreen over 1 year increases the risk of vitamin D deficiency. As a result, while we recommend continued regular sunscreen use, vitamin D testing and/or supplementat
- https://pmc.ncbi.nlm.nih.gov/articles/PMC9002342/ — Do sunscreens block vitamin D production? A critical review ...
  > Thus, when tested outdoors, sunscreens with a given SPF, especially with high UVA protection, were less likely to block vitamin D production than when tested in the laboratory.

## c07 — 2026-09-18 21:05 UTC
Query: `AAD sunscreen application amount shot glass`

- https://www.aad.org/public/diseases/skin-cancer/prevent/sunscreen-apply — How to apply sunscreen - American Academy of Dermatology
  > Aug 15, 2025 · Use enough sunscreen. At a minimum, most adults need about 1 ounce of sunscreen — roughly the amount to fill a shot glass — to fully cover skin not covered by clothing. Depending on your body size, you may need more sunscreen
- https://www.aad.org/public/everyday-care/sun-protection/shade-clothing-sunscreen/how-to-use-stick-spray-sunscreens — How to use stick and spray sunscreens - American Academy of ...
  > Aug 15, 2025 · To safely and adequately use spray sunscreen, dermatologists recommend these tips: Hold the nozzle close to your skin and spray generously. At a minimum, most adults need about 1 ounce of sunscreen — roughly the amount to fil
- https://gadgetsfeed.com/how-much-sunscreen-to-use-on-body/ — How Much Sunscreen to Use on Body | The Shot Glass Rule
  > Most adults need about 1 ounce (30 mL) of sunscreen — roughly a shot glass full — to cover all exposed skin on the body. The American Academy of Dermatology (AAD) recommends that most adults use about 1 ounce — the amount that fills a shot 
- https://sunscreenranker.com/blog/2025-how-much-sunscreen-actually-supposed-use-teaspoon-shot-glass/ — How Much Sunscreen to Use | Sunscreen Ranker
  > The American Academy of Dermatology advises that adults need about 1 ounce (a shot glass) for the whole body and about 1 teaspoon for the face and neck, applied 15 minutes before going out and reapplied every 2 hours; most people apply only
- https://surfacesunscreen.com/blogs/news/how-much-sunscreen-should-i-use — How Much Sunscreen Should I Use? A Dermatologist-Backed Guide
  > Feb 21, 2023 · The Short Answer: How Much Sunscreen to Use For most adults, the AAD recommends about one ounce of sunscreen to cover all exposed skin. That is roughly the amount needed to fill a shot glass. For the face, ears, and neck, the

