# Source ledger

Every URL below was fetched during this run.
The essay under review is not an independent source.

## c01 — 2026-09-18 21:09 UTC
Query: `UVB rays melanoma skin cancer risk`

- https://stacks.cdc.gov/view/cdc/41481/cdc_41481_DS1.pdf — Ultraviolet Radiation Exposure and Its Impact on Skin Cancer Risk
  > Most skin cancers are caused by a combination of both non-modifiable (eg, genetic) and modifiable (eg, environmental) risk factors. The most common modifiable risk factor for skin cancer is exposure to ultraviolet radiation (UV).
- https://www.cancer.org/cancer/risk-prevention/sun-and-uv/uv-radiation.html — Does UV Radiation Cause Cancer? | American Cancer Society
  > UV (Ultraviolet) Radiation and Cancer Risk Exposure to ultraviolet (UV) radiation is a major risk factor for skin cancers, including basal cell carcinoma, squamous cell carcinoma, and melanoma.
- https://pmc.ncbi.nlm.nih.gov/articles/PMC5760354/ — Mechanisms and prevention of UV-induced melanoma - PMC
  > Melanoma is the deadliest form of skin cancer and its incidence is rising, creating a costly and significant clinical problem. Exposure to ultraviolet (UV) radiation, namely UVA (315–400 nm) and UVB (280–315 nm), is a major risk factor for 
- https://www.mdpi.com/2072-6694/17/11/1784 — Skin Photodamage and Melanomagenesis: A Comprehensive Review
  > May 26, 2025 · One of the main causes of melanoma is exposure to ultraviolet radiation from the sun, which damages the DNA in skin cells and increases the risk of cancer. However, genetics also play a role in determining who is more likely 
- https://www.sciencedirect.com/science/article/pii/S0749208116300249 — Ultraviolet Radiation Exposure and Its Impact on Skin Cancer Risk
  > Aug 1, 2016 · Most skin cancers are caused by a combination of both non-modifiable (eg, genetic) and modifiable (eg, environmental) risk factors. The most common modifiable risk factor for skin cancer is exposure to ultraviolet radiation (U

## c02 — 2026-09-18 21:09 UTC
Query: `sunscreen two tablespoons shot glass application`

- https://www.verywellhealth.com/how-to-apply-sunscreen-11782150 — The Proper Way to Apply Sunscreen - Verywell Health
  > Aug 25, 2026 · Use about 1 ounce (2 tablespoons, or a shot glass full) to cover your whole body, including often-missed spots like ears, back, and behind knees. Reapply at least every 2 hours, and after swimming, sweating, or toweling off.
- https://sunscreenranker.com/blog/2025-how-much-sunscreen-actually-apply-shot-glass-two-finger/ — How Much Sunscreen to Apply: The Shot-Glass Rule
  > Most adults need about 1 ounce of sunscreen — roughly enough to fill a shot glass — to cover all exposed skin, plus at least 1 teaspoon for the face alone.
- https://necolebitchie.com/how-many-tablespoons-of-sunscreen-should-i-apply/ — How Many Tablespoons of Sunscreen Should I Apply?
  > Aug 15, 2025 · To adequately protect your skin from the sun’s harmful rays, you should apply approximately two tablespoons of sunscreen to your entire body before sun exposure.
- https://summergelee.com/blogs/news/how-much-sunscreen-should-you-actually-apply-the-shot-glass-and-two-finger-rules — How Much Sunscreen Should You Actually Apply? The Shot-Glass ...
  > Jun 4, 2026 · The bottom line A shot glass for your body, two fingers for your face, 15 minutes before sun, and a reapply every two hours — that's the whole formula. Most sunburns aren't caused by the wrong product; they're caused by too li
- https://sunscreen.zentopia.io/sunscreen-application-amount-guide — How much sunscreen to use: the real amount
  > May 16, 2026 · The lab-tested amount is 2 mg per square centimeter — roughly a shot glass for the whole body. Most people apply half. Here's how to fix that.

## c01 — 2026-09-18 21:10 UTC
Query: `CDC UVB radiation skin cancer causes`

- https://www.cdc.gov/skin-cancer/sun-safety/index.html — Sun Safety Facts | Skin Cancer | CDC
  > Jun 17, 2026 · You can work and play outside without raising your skin cancer risk by protecting your skin from the sun. Most skin cancers are caused by too much exposure to ultraviolet (UV) rays. UV rays are an invisible kind of radiation 
- https://www.cdc.gov/radiation-health/features/uv-radiation.html — Ultraviolet Radiation | Radiation and Your Health | CDC
  > Jul 6, 2026 · Most cases of melanoma, the deadliest kind of skin cancer, are caused by exposure to UV radiation. Anyone can have harmful health effects from UV radiation, but the risks increase in people who: Spend a lot of time in the sun 
- https://www.cancer.org/cancer/risk-prevention/sun-and-uv/uv-radiation.html — Does UV Radiation Cause Cancer? | American Cancer Society
  > Exposure to UV radiation, whether from sunlight or tanning devices, can damage the DNA in skin cells. Over time, this damage can build up and cause cells to grow out of control. When this happens, skin cancer can develop.
- https://stacks.cdc.gov/view/cdc/41481/cdc_41481_DS1.pdf — Ultraviolet Radiation Exposure and Its Impact on Skin Cancer Risk
  > Most skin cancers are caused by a combination of both non-modifiable (eg, genetic) and modifiable (eg, environmental) risk factors. The most common modifiable risk factor for skin cancer is exposure to ultraviolet radiation (UV).
- https://stacks.cdc.gov/view/cdc/41565/cdc_41565_DS1.pdf — Questions and Answers - CDC Stacks
  > Scientists believe that UVA radiation can cause damage to connective tissue and increase a person’s risk for developing skin cancer. UVB rays are less abundant at the earth’s surface than UVA because a significant portion of UVB rays is abs

## c02 — 2026-09-18 21:10 UTC
Query: `FDA sunscreen application amount guidelines`

- https://www.fda.gov/drugs/understanding-over-counter-medicines/sunscreen-how-help-protect-your-skin-sun — Sunscreen: How to Help Protect Your Skin from the Sun | FDA
  > Jun 9, 2026 · An average-sized adult or child needs at least one ounce of sunscreen (about the amount it takes to fill a shot glass) to evenly cover the body from head to toe.
- https://www.fda.gov/consumers/consumer-updates/tips-stay-safe-sun-sunscreen-sunglasses — Tips to Stay Safe in the Sun: From Sunscreen to Sunglasses | FDA
  > Protect yourself from sun damage year-round. The FDA continues to evaluate sunscreen products to ensure that their active ingredients are safe and effective.
- https://www.aad.org/public/everyday-care/sun-protection/sunscreen-patients/sunscreen-faqs — Sunscreen FAQs - American Academy of Dermatology
  > Feb 11, 2025 · At a minimum, most adults need about 1 ounce of sunscreen — roughly the amount to fill a shot glass — to fully cover skin not covered by clothing. Depending on your body size, you may need more sunscreen to protect your expos
- https://www.accessdata.fda.gov/drugsatfda_docs/omuf/monographs/OTCMonograph_M020-SunscreenDrugProductsforOTCHumanUse09242021.pdf — U.S. Food and Drug Administration Sunscreen Drug Products for ...
  > An over-the-counter (OTC) sunscreen drug product in a form suitable for topical administration is generally recognized as safe and effective and is not misbranded if it meets each condition in...
- https://beautynexuspro.com/skincare-routines/how-many-ounces-of-spray-sunscreen-should-you-use — How Many Ounces of Spray Sunscreen to Use (2026)
  > May 19, 2026 · Discover the precise ounce-based dosage for spray sunscreen based on body surface area, FDA guidelines, and dermatologist-verified application methods—plus a step-by-step visual guide, common mistakes that sabotage SPF, and h

