# Source ledger

Every URL below was fetched during this run.
The essay under review is not an independent source.

## c01 — 2026-09-18 20:43 UTC
Query: `UVB rays melanoma skin cancer risk`

- https://pmc.ncbi.nlm.nih.gov/articles/PMC5760354/ — Mechanisms and prevention of UV-induced melanoma - PMC
  > Melanoma is the deadliest form of skin cancer and its incidence is rising, creating a costly and significant clinical problem. Exposure to ultraviolet (UV) radiation, namely UVA (315–400 nm) and UVB (280–315 nm), is a major risk factor for 
- https://www.cancer.org/cancer/risk-prevention/sun-and-uv/uv-radiation.html — Does UV Radiation Cause Cancer? | American Cancer Society
  > UV (Ultraviolet) Radiation and Cancer Risk Exposure to ultraviolet (UV) radiation is a major risk factor for skin cancers, including basal cell carcinoma, squamous cell carcinoma, and melanoma.
- https://stacks.cdc.gov/view/cdc/41481/cdc_41481_DS1.pdf — Ultraviolet Radiation Exposure and Its Impact on Skin Cancer Risk
  > Most skin cancers are caused by a combination of both non-modifiable (eg, genetic) and modifiable (eg, environmental) risk factors. The most common modifiable risk factor for skin cancer is exposure to ultraviolet radiation (UV).
- https://academic.oup.com/jnci/article/116/12/1928/7730113 — Ambient ultraviolet A, ultraviolet B, and risk of melanoma in ...
  > Aug 8, 2024 · We found little evidence that childhood ambient UVB was associated with risk of melanoma after adjustment for UVA, and for lifetime UVB, several effect estimates were significantly below the null value of 1.
- https://www.cancercenter.com/cancer-types/skin-cancer/risk-factors/uv-rays — UV Rays: Types of Ultraviolet Rays; UVA, UVB, UVC and Cancer
  > Oct 20, 2022 · Using sunscreen is the best way to reduce the risk of developing skin cancer, including melanoma. Natural sunlight is a major source of damaging UV rays, but there are other ways people may be exposed, too.

## c01 — 2026-09-18 20:43 UTC
Query: `NCI ultraviolet radiation skin cancer fact sheet`

- https://www.cancer.gov/about-cancer/causes-prevention/risk/sunlight — Cancer Risk Factors: Sunlight - NCI
  > Exposure to UV radiation from the sun, sunlamps, and tanning booths causes early aging and skin damage that can lead to skin cancer. Find information, including tips, on how to protect your skin.
- https://www.cdc.gov/skin-cancer/sun-safety/index.html — Sun Safety Facts | Skin Cancer | CDC
  > Jun 17, 2026 · You can work and play outside without raising your skin cancer risk by protecting your skin from the sun. Most skin cancers are caused by too much exposure to ultraviolet (UV) rays. UV rays are an invisible kind of radiation 
- https://www.cancer.org/cancer/risk-prevention/sun-and-uv/uv-radiation.html — Does UV Radiation Cause Cancer? | American Cancer Society
  > Exposure to UV radiation, whether from sunlight or tanning devices, can damage the DNA in skin cells. Over time, this damage can build up and cause cells to grow out of control. When this happens, skin cancer can develop.
- https://www.cdc.gov/radiation-health/features/uv-radiation.html — Ultraviolet Radiation | Radiation and Your Health | CDC
  > Jul 6, 2026 · Skin cancer is the most common cancer in the United States. The two most common types of skin cancer are basal cell cancer and squamous cell cancer. Typically, they form on the head, face, neck, hands, and arms because these b
- https://www.cancer.gov/types/skin/patient/skin-prevention-pdq — Skin Cancer Prevention - NCI
  > May 16, 2025 · Skin cancer prevention approaches include avoiding risk factors like ultraviolet radiation that comes from the sun, sun lamps, and tanning beds. Learn more about the risks and possible protective factors for skin cancer in th

## c02 — 2026-09-18 20:43 UTC
Query: `SPF UVB sunburn measurement sunscreen`

- https://www.fda.gov/about-fda/center-drug-evaluation-and-research-cder/sun-protection-factor-spf — Sun Protection Factor (SPF) | FDA - U.S. Food and Drug ...
  > This page describes how the FDA determines and evaluates sun protection factor in over-the-counter sunscreen products and the science behind this evaluation.
- https://www.belabservices.com/en/post/complete-guide-to-sunscreen-spf-uva-uvb-regulations-and-innovations — Complete Guide to Sunscreen: SPF, UVA/UVB, Regulations, and ...
  > May 8, 2025 · What is SPF (Sun Protection Factor) and how is it measured? The Sun Protection Factor (SPF) is an index that indicates the effectiveness of a sunscreen in protecting the skin against UVB radiation (the main cause of sunburn).
- https://sparkcalc.com/uv-sunburn-calculator/ — Sunburn Calculator - UV Index & Sunscreen SPF | SparkCalc
  > Estimate how long skin takes to burn from the UV Index and skin type, then see sunscreen SPF as real-world and lab protection time, plus the UVB it filters.
- https://calculator.academy/sunscreen-strength-spf-calculator/ — Sunscreen Strength (SPF) Calculator – UVB Dose
  > Apr 27, 2026 · This calculator provides an idealized comparison between labeled SPF and an SPF-scaled erythemal-dose fraction. Labeled SPF is determined by a standardized sunburn-protection test; it is not a direct safe-time multiplier.
- https://cosmetics.alfa-chemistry.com/resources/how-to-determine-the-sun-protection-factor-of-sunscreen.html — How to Determine the Sun Protection Factor of Sunscreen?
  > Sun Protection Factor (SPF) is a measure of a sunscreen's ability to prevent sunburn caused by ultraviolet (UV) B radiation. It tells you how much longer the skin with a sunscreen will be protected from sunburn than the skin without sunscre

## c05 — 2026-09-18 20:44 UTC
Query: `broad-spectrum sunscreen UVA UVB sunburn tanning`

- https://thedermaco.com/blogs/skin-care/broad-spectrum-sunscreen-explained-why-it-matters-for-complete-sun-protection — What Is Broad Spectrum Sunscreen? – The Derma Co
  > Apr 28, 2026 · The meaning of broad spectrum sunscreen is simple: it’s a sunscreen that shields your skin from both UVA (aging) and UVB (burning) rays. Using broad spectrum protection ensures you’re fully covered against sunburn, dark spots
- https://beautynexuspro.com/skincare-routines/can-you-tan-with-broad-spectrum-sunscreen — Tanning With Broad Spectrum Sunscreen: The Truth
  > May 19, 2026 · Here’s what clinical research, real-world UV testing, and board-certified dermatologists say about tanning, SPF efficacy, and why chasing pigment change under sunscreen is biologically contradictory and medically risky.
- https://www.safetanning.app/blog/broad-spectrum-uva-uvb-explained — Broad-Spectrum vs. UVA vs. UVB: What Do the Labels Actually ...
  > Jul 6, 2026 · Without broad-spectrum protection, a sunscreen only guards against sunburn (UVB) but leaves your skin exposed to the deeper-penetrating UVA rays that cause ageing and contribute to skin cancer.
- https://summergelee.com/blogs/news/what-is-broad-spectrum-sunscreen-uva-vs-uvb-protection-explained-2026-guide — What Is Broad-Spectrum Sunscreen? UVA vs UVB Protection ...
  > Aug 6, 2026 · A common myth is that broad-spectrum sunscreen stops you from tanning at all. It does not — it slows and moderates the process so your skin develops color more gradually and evenly while filtering the rays doing the most harm.
- https://scienceinsights.org/what-is-broad-spectrum-sunscreen-uva-uvb-explained/ — What Is Broad-Spectrum Sunscreen? UVA, UVB Explained
  > Apr 30, 2026 · Broad-spectrum sunscreen protects against both UVA and UVB rays. Learn what that label really means and how to choose one that actually works.

## c04 — 2026-09-18 20:44 UTC
Query: `SPF 30 30 times longer sunburn`

- (none) — search-error
  > error sending request for url (https://html.duckduckgo.com/html/) > A connection attempt failed because the connected party did not properly respond after a period of time, or established connection failed because connected host has failed 

## c03 — 2026-09-18 20:44 UTC
Query: `SPF 30 blocks 97% UVB rays`

- (none) — search-error
  > error sending request for url (https://html.duckduckgo.com/html/) > A connection attempt failed because the connected party did not properly respond after a period of time, or established connection failed because connected host has failed 

## c04 — 2026-09-18 20:44 UTC
Query: `FDA SPF sunburn protection testing guidance`

- https://www.fda.gov/regulatory-information/search-fda-guidance-documents/labeling-and-effectiveness-testing-sunscreen-drug-products-over-counter-human-use-small-entity — Labeling and Effectiveness Testing: Sunscreen Drug Products ...
  > This guidance is intended to help small businesses understand and comply with the Food and Drug Administration’s (FDA’s) labeling and testing regulations for certain over-the-counter (OTC...
- https://www.fda.gov/about-fda/center-drug-evaluation-and-research-cder/sun-protection-factor-spf — Sun Protection Factor (SPF) | FDA - U.S. Food and Drug ...
  > This page describes how the FDA determines and evaluates sun protection factor in over-the-counter sunscreen products and the science behind this evaluation.
- https://www.ecfr.gov/current/title-21/chapter-I/subchapter-D/part-352/subpart-D — eCFR :: 21 CFR Part 352 Subpart D -- Testing Procedures
  > A standard sunscreen shall be used concomitantly in the testing procedures for determining the SPF value of a sunscreen drug product to ensure the uniform evaluation of sunscreen drug products.
- https://center-forward.org/wp-content/uploads/2024/06/FINAL-FDA-Regulatory-Process-Sunscreen.pdf — DRAFT: FDA Regulatory Process- Sunscreen - Center Forward
  > These regulations include testing requirements for Sun Protection Factor (SPF) levels, broad-spectrum protection against UVA and UVB rays, water resistance claims, and labeling guidelines.
- https://www.ecfr.gov/current/title-21/chapter-I/subchapter-D/part-352 — 21 CFR Part 352 -- Sunscreen Drug Products for Over-the ...
  > A standard sunscreen shall be used concomitantly in the testing procedures for determining the SPF value of a sunscreen drug product to ensure the uniform evaluation of sunscreen drug products.

## c02 — 2026-09-18 20:44 UTC
Query: `FDA SPF testing broad spectrum sunscreen guidance`

- (none) — search-error
  > error sending request for url (https://html.duckduckgo.com/html/) > A connection attempt failed because the connected party did not properly respond after a period of time, or established connection failed because connected host has failed 

## c07 — 2026-09-18 20:44 UTC
Query: `suntan sign of skin damage`

- https://www.mayoclinic.org/diseases-conditions/sunburn/in-depth/sun-damage/art-20546834 — Sun damage - Mayo Clinic
  > Jul 1, 2026 · Enjoying activities outside or working a job that takes you outdoors can mean hours under the sun. Over months and years, those hours add up, and the time in the sun may damage your skin. Read on to learn about skin conditions
- https://jamanetwork.com/journals/jama/fullarticle/2383280 — Suntan and Sunburn | Dermatology | JAMA | JAMA NetworkSun-Damaged Skin: Photoaging, Signs, Causes & TreatmentWhat Are the Signs of Sun Damage? Wrinkles, Actinic ... - WebMD11 Common Types Of Sun Damaged Skin (See Pictures)Sun-damaged skin Guide: Causes, Symptoms and Treatment OptionsSun Damaged Skin: Sunburn, Melanoma, Carcinoma, and More - WebMD
  > In fact, a suntan is a sign that skin has already been damaged, and tanned skin can continue to be damaged when exposed to UV rays. For people with light skin, exposure to UV rays can lead to sunburn in as little as 10 to 15 minutes. Oct 28
- https://my.clevelandclinic.org/health/diseases/5240-sun-damage-protecting-yourself — Sun-Damaged Skin: Photoaging, Signs, Causes & Treatment
  > Oct 28, 2022 · Photoaging, or sun-damaged skin, is the premature aging of your skin due to ongoing exposure to ultraviolet A (UVA) and ultraviolet B (UVB) radiation.
- https://www.webmd.com/skin-problems-and-treatments/warning-signs — What Are the Signs of Sun Damage? Wrinkles, Actinic ... - WebMD
  > Feb 16, 2026 · Spots, blotches, and wrinkles that show up over time are really signs of the sun’s damage to your skin. So is a suntan.
- https://www.westlakedermatology.com/blog/common-types-of-sun-damage/ — 11 Common Types Of Sun Damaged Skin (See Pictures)
  > Jul 10, 2018 · A suntan is the darkening of the skin in response to sun exposure. A suntan that develops immediately is primarily a response to UVA exposure, while a tan that develops days after exposure is mostly due to UVB.

## c05 — 2026-09-18 20:44 UTC
Query: `FDA broad spectrum sunscreen UVA UVB requirements`

- (none) — search-error
  > error sending request for url (https://html.duckduckgo.com/html/) > A connection attempt failed because the connected party did not properly respond after a period of time, or established connection failed because connected host has failed 

## c03 — 2026-09-18 20:44 UTC
Query: `FDA SPF 30 UVB protection sunscreen guidance`

- (none) — search-error
  > error sending request for url (https://html.duckduckgo.com/html/) > A connection attempt failed because the connected party did not properly respond after a period of time, or established connection failed because connected host has failed 

## c08 — 2026-09-18 20:44 UTC
Query: `sun tanning skin damage permanent`

- https://my.clevelandclinic.org/health/diseases/5240-sun-damage-protecting-yourself — Sun-Damaged Skin: Photoaging, Signs, Causes & Treatment
  > Oct 28, 2022 · Once UV radiation changes your skin cells’ DNA, the DNA damage can’t be reversed. However, this doesn’t mean that you can’t change the appearance of your skin. You can treat, reduce and/or repair the effects of sun-damaged sk
- https://www.mayoclinic.org/diseases-conditions/sunburn/in-depth/sun-damage/art-20546834 — Sun damage - Mayo Clinic
  > Jul 1, 2026 · Enjoying activities outside or working a job that takes you outdoors can mean hours under the sun. Over months and years, those hours add up, and the time in the sun may damage your skin. Read on to learn about skin conditions
- https://dermologyhub.com/tanning-skin-damage/ — What You Should Know About Tanning Skin Damage and Prevention
  > Jan 26, 2026 · Your skin is your body’s largest organ, and protecting it from tanning skin damage should be a lifelong priority. The pursuit of a bronzed complexion simply is not worth the risks of premature aging, wrinkles, and potentially
- https://www.womenshealthmag.com/beauty/a70785576/what-happens-when-you-tan/ — What Happens To Your Skin When You Get A Tan? Dermatologists ...
  > Mar 18, 2026 · Dermatologists explain what UV rays, whether from the sun or a tanning bed, do to the skin. A tan might look nice, but it's a sign of UV damage, experts say.
- https://www.foxnews.com/health/tanmaxxing-trend-dangerous-cost-skin-cancer-experts-warn — 'Tanmaxxing' trend, promoting more sun, raises concern among ...
  > Jul 5, 2026 · Tanmaxxing is a Gen Z trend maximizing sun exposure with tanning beds, bronzers and gels. A dermatologist warns that it raises melanoma risk and causes DNA damage.

## c09 — 2026-09-18 20:44 UTC
Query: `sun exposure melanocytes make melanin protect burning`

- https://scienceinsights.org/does-melanin-protect-you-from-the-sun-the-real-answer/ — Does Melanin Protect You from the Sun? The Real Answer
  > Mar 27, 2026 · Melanin’s protection isn’t evenly distributed across all types of UV damage. It’s most effective against UVB radiation, the wavelengths responsible for sunburn and direct DNA damage.
- https://scienceinsights.org/why-does-skin-tan-the-science-of-sun-and-melanin/ — Why Does Skin Tan? The Science of Sun and Melanin
  > Nov 27, 2025 · It begins in specialized cells called melanocytes, located in the basal layer of the epidermis. When stimulated by UV exposure, these cells initiate a cascade of reactions to synthesize melanin. The process starts with the am
- https://snuggymom.com/does-melanin-protect-from-sunburn/ — Does Melanin Protect From Sunburn? | Skin Science Facts
  > Does Melanin Protect From Sunburn by Different Mechanisms? Yes, melanin protects from sunburn mainly through eumelanin, which absorbs UV radiation and converts it into harmless heat.
- https://www.merckmanuals.com/professional/dermatologic-disorders/reactions-to-sunlight/overview-of-effects-of-sunlight — Overview of Effects of Sunlight - Dermatology - Merck Manual ...Sunscreen and Melanin: What Dermatologists Say (2026)Melanin’s Role in Sun Safety and UV Defense: Expert Q&AMelanin’s Role in Light Absorption: How It Protects Your Skin
  > Apr 1, 2026 · As a protective response after exposure to sunlight, the epidermis thickens, and melanocytes produce the pigment melanin at an increased rate, causing what is commonly referred to as a "tan." Tanning provides some natural prot
- https://beautynexuspro.com/skincare-routines/does-sunscreen-increase-melanin — Sunscreen and Melanin: What Dermatologists Say (2026)
  > May 19, 2026 · No — sunscreen does not increase melanin. In fact, it suppresses the UV-triggered signaling cascade that stimulates melanocytes to produce more pigment.

## c09 — 2026-09-18 20:44 UTC
Query: `NIH melanocytes melanin ultraviolet radiation`

- https://pmc.ncbi.nlm.nih.gov/articles/PMC3989353/ — UV light phototransduction depolarizes human melanocytes
  > Exposure of human skin to low doses of solar UV radiation (UVR) causes increased pigmentation, while chronic exposure is a powerful risk factor for skin cancers. The mechanisms mediating UVR detection in skin, however, remain poorly underst
- https://pmc.ncbi.nlm.nih.gov/articles/PMC8218595/ — Skin Pigmentation and its Control: From Ultraviolet Radiation ...
  > In light of substantial discoveries in epithelial and hair pigmentation pathophysiology, this review summarizes the current understanding of skin pigmentation mechanisms. Melanocytes are pigment-producing cells and their key regulating tran
- https://www.ncbi.nlm.nih.gov/pmc/articles/PMC3568351/ — UV light phototransduction activates transient receptor ...Ultraviolet Radiation-Induced Cytogenetic Damage in White ...Significance of melanin distribution in the epidermis for the ...Ultraviolet radiation as a double-edged regulator of ... - PubMedMechanisms of ultraviolet light-induced pigmentation - PubMed
  > Feb 2, 2013 · Human skin is constantly exposed to solar ultraviolet radiation (UVR), the most prevalent environmental carcinogen. Humans have the unique ability among mammals to respond to UVR by increasing their skin pigmentation, a protec
- https://www.ncbi.nlm.nih.gov/pmc/articles/PMC4586785/ — Ultraviolet Radiation-Induced Cytogenetic Damage in White ...Significance of melanin distribution in the epidermis for the ...Ultraviolet radiation as a double-edged regulator of ... - PubMedMechanisms of ultraviolet light-induced pigmentation - PubMed
  > Aug 14, 2015 · The amount of released melanin was much higher in Black skin melanocytes in response to UV exposure suggesting that higher melanin pigmentation (intracellular) as well as facultative pigmentation (released melanin) offer bett
- https://www.nature.com/articles/s41598-024-53941-0 — Significance of melanin distribution in the epidermis for the ...
  > Feb 12, 2024 · Melanin, the most abundant skin chromophore, is produced by melanocytes and is one of the key components responsible for mediating the skin’s response to ultraviolet radiation (UVR).

## c06 — 2026-09-18 20:44 UTC
Query: `sunscreen still tan or burn`

- https://health.clevelandclinic.org/does-sunscreen-prevent-tanning — Does Sunscreen Prevent Tanning? - Cleveland Clinic Health ...
  > Mar 11, 2025 · Even if you have a tan, you should wear sunscreen anytime you’re exposed to UV light because it’s still possible to get too much UV exposure and develop a sunburn.
- https://beautynexuspro.com/skincare-routines/can-i-still-get-a-tan-if-i-use-sunscreen — Sunscreen and Tanning: The Truth About SPF in 2026
  > Jan 20, 2026 · You absolutely can still develop a tan while using sunscreen — but how much, how fast, and at what biological cost depends entirely on your SPF choice, application habits, skin type, and UV environment.
- https://www.health.harvard.edu/healthy-aging-and-longevity/why-do-i-burn-even-if-im-slathered-in-sunscreen — Why do I burn even if I'm slathered in sunscreen? - Harvard ...
  > Jun 1, 2022 · Q. With summer in full swing, I diligently apply sunscreen every day. But I'm still getting sunburned! Why does that happen? A. You're right to be concerned, since getting five or more sunburns in your lifetime doubles your ri
- https://beautynexuspro.com/skincare-routines/do-you-still-get-tan-if-you-put-sunscreen-on — Do You Still Tan With Sunscreen? (2026) — Beauty Nexus Pro
  > May 7, 2026 · And does that mean your sunscreen isn’t working? We break down the science of UV filtration, real-world SPF efficacy, application errors, and what 'broad-spectrum' really means — with dermatologist-backed data, myth-busting, a
- https://talkingtan.com/can-you-tan-with-sunscreen/ — Can You Tan With Sunscreen? What the SPF Numbers Mean ...
  > Yes — you can still tan with sunscreen on. No sunscreen blocks 100% of UV radiation, which means some UV still reaches your skin and can stimulate melanin production. The result is that tanning takes longer with sunscreen than without, but 

## c07 — 2026-09-18 20:44 UTC
Query: `NCI tanning skin damage ultraviolet radiation`

- (none) — search-error
  > error sending request for url (https://html.duckduckgo.com/html/) > A connection attempt failed because the connected party did not properly respond after a period of time, or established connection failed because connected host has failed 

