# Source ledger

Every URL below was fetched during this run.
The essay under review is not an independent source.

## c02 — 2026-09-18 21:35 UTC
Query: `UVB rays melanoma skin cancer risk`

- https://pmc.ncbi.nlm.nih.gov/articles/PMC5760354/ — Mechanisms and prevention of UV-induced melanoma - PMC
  > Melanoma is the deadliest form of skin cancer and its incidence is rising, creating a costly and significant clinical problem. Exposure to ultraviolet (UV) radiation, namely UVA (315–400 nm) and UVB (280–315 nm), is a major risk factor for 
- https://www.cancer.org/cancer/risk-prevention/sun-and-uv/uv-radiation.html — UV (Ultraviolet) Radiation and Cancer Risk
  > 4 weeks ago - Indoor tanning has been linked to a 24% increase in the risk of basal cell skin cancer, a 58% increase in the risk of squamous cell skin cancer, and a 27% increase in the risk of melanoma. This risk is especially high for earl
- https://www.skincancer.org/risk-factors/uv-radiation/ — UV Radiation & Your Skin
  > July 6, 2026 - UV exposure that leads to sunburn has proven to play a strong role in developing melanoma, a dangerous type of skin cancer. Research shows that the UV rays that damage skin can also alter a gene that suppresses tumors, raisin
- https://www.cancercenter.com/cancer-types/skin-cancer/risk-factors/uv-rays — UV Rays: Types of Ultraviolet Rays; UVA, UVB, UVC and Cancer
  > October 20, 2022 - As many as 90 percent of melanomas are thought to be caused by UV exposure, and both basal cell and squamous cell cancers—the two most common skin cancers—are most often found on sun-exposed parts of the body, suggesting 
- https://pubmed.ncbi.nlm.nih.gov/21308308/ — UVB: susceptibility in malignant melanoma - PubMed
  > Conclusion: UVB susceptibility ... of this type of cancer. ... Susceptibility to effects of UVB radiation on induction of contact hypersensitivity as a risk factor for skin cancer in humans....

## c01 — 2026-09-18 21:35 UTC
Query: `Amy Kassouf MD dermatologist Cleveland Clinic`

- https://providers.clevelandclinic.org/provider/amy-kassouf/4268673 — Dr. Amy Kassouf, MD - Twinsburg, OH - Dermatology, Laser ...Dr. Amy Kassouf, MD - Dermatologist in Twinsburg, OH ...Dr. Amy H. Kassouf, MD | South Euclid, OH | Dermatologist ...Dr. Amy H. Kassouf, MD - Dermatologist in Cleveland, OH ...Dr. Amy Kassouf, MD, Dermatologist - Twinsburg, OH ...Dr. Amy Kassouf, MD, Dermatologist - Twinsburg, OH | SharecareDr. Amy H Kassouf - Cleveland OH, Dermatology, 9500 Euclid Ave
  > Find information about and book an appointment with Dr. Amy Kassouf, MD in Twinsburg, OH. Specialties: Dermatology, Laser Surgery and Cosmetic Dermatology. Dr. Amy Kassouf, MD is a dermatologist in Twinsburg, OH. Dr. Kassouf has extensive e
- https://www.healthgrades.com/physician/dr-amy-kassouf-xwm4w — Dr. Amy Kassouf, MD - Dermatologist in Twinsburg, OH ...Dr. Amy H. Kassouf, MD | South Euclid, OH | Dermatologist ...Dr. Amy H. Kassouf, MD - Dermatologist in Cleveland, OH ...Dr. Amy Kassouf, MD, Dermatologist - Twinsburg, OH ...Dr. Amy Kassouf, MD, Dermatologist - Twinsburg, OH | SharecareDr. Amy H Kassouf - Cleveland OH, Dermatology, 9500 Euclid Ave
  > Dr. Amy Kassouf, MD is a dermatologist in Twinsburg, OH. Dr. Kassouf has extensive experience in Skin Cancer & Excision and Cosmetic Skin Procedures. She is affiliated with Cleveland Clinic. She is accepting new patients and telehealth appo
- https://health.usnews.com/doctors/amy-kassouf-656922 — Dr. Amy H. Kassouf, MD | South Euclid, OH | Dermatologist ...
  > Dr. Amy H. Kassouf is a dermatologist in South Euclid, Ohio and is affiliated with multiple hospitals in the area, including Cleveland Clinic and Cleveland Clinic Marymount Hospital.
- https://ourhealthnetwork.com/doctor/amy-kassouf-md-1295918597 — Dr. Amy H. Kassouf, MD - Dermatologist in Cleveland, OH ...
  > Dr. Amy H. Kassouf is a Dermatologist in Cleveland, OH. Accepts Aetna, Cigna, Medicare, Oxford Health Plans (UHC) and 2 more. View credentials, patient reviews, and contact information.
- https://care.healthline.com/find-care/provider/dr-amy-kassouf-1295918597 — Dr. Amy Kassouf, MD, Dermatologist - Twinsburg, OH ...
  > Dr. Amy Kassouf, MD is a Dermatologist in Twinsburg, OH. Dr. Kassouf, completed a residency at University Hospital of Cleveland. Dr. Kassouf frequently treats conditions like Nail...

## c03 — 2026-09-18 21:35 UTC
Query: `SPF definition UVB rays sunburn time`

- https://www.coppertone.com/sun-facts/what-is-spf — What is SPF? How Long Does SPF 50/30 Last? | Coppertone
  > December 26, 2025 - SPF stands for Sun Protection Factor and is a measure of how well a sunscreen protects your skin from UVB rays and sunburn. The higher the SPF, the longer the protection will last.
- https://www.emoryhealthcare.org/stories/wellness/sunscreen-101-what-to-know-about-spf-uv-rays-and-sunburn-treatment — Sunscreen 101: What To Know About SPF, UV Rays and Sunburn Treatment
  > UVB rays damage the outermost layers of the skin and are primarily responsible for sunburns and reddening of your skin. When considering which level of SPF to use, it's important to know that an SPF of 30 does not necessarily offer twice th
- https://www.consumerreports.org/health/sunscreens/what-does-spf-stand-for-a6677902412/ — What Does SPF Mean? via @ConsumerReports
  > June 15, 2024 - SPF—or sun protection factor—is a measure of how well a sunscreen guards against sunburn. The SPF number is usually explained as the amount of time it takes for skin to turn red while wearing sunscreen.
- https://www.badgerbalm.com/pages/what-is-spf-sunscreen-sun-protection-factor — What Is SPF Sunscreen? - Sun Protection Factor Explained | Badger
  > SPF is actually a measure of protection from amount of UVB exposure and it is not meant to help you determine duration of exposure. For best protection, experts recommend using a minimum SPF sunscreen of 15, applying the proper amount (2mg/
- https://www.cerave.com/skin-smarts/skin-concerns/sun-protection/what-spf-should-i-use — Decoding Sunscreens: What SPF Should I Use? | CeraVe
  > SPF, which stands for “sun protection factor,” is a measurement of how well a sunscreen product protects your skin against UVB rays—the type of UV rays that can cause sunburns. More specifically, the SPF number tells you how long it would t

## c03 — 2026-09-18 21:35 UTC
Query: `FDA SPF sunscreen UVB definition`

- https://www.fda.gov/about-fda/center-drug-evaluation-and-research-cder/sun-protection-factor-spf — Sun Protection Factor (SPF) | FDA - U.S. Food and Drug ...
  > This page describes how the FDA determines and evaluates sun protection factor in over-the-counter sunscreen products and the science behind this evaluation.
- https://www.fda.gov/drugs/understanding-over-counter-medicines/sunscreen-how-help-protect-your-skin-sun — Sunscreen: How to Help Protect Your Skin from the Sun | FDA
  > Jun 9, 2026 · A sunscreen product’s SPF value is primarily an indicator of the level of protection that product provides against UVB radiation, but broad-spectrum sunscreens also protect against UVA...
- https://www.accessdata.fda.gov/drugsatfda_docs/omuf/monographs/OTCMonograph_M020-SunscreenDrugProductsforOTCHumanUse09242021.pdf — U.S. Food and Drug Administration Sunscreen Drug Products for ...
  > An over-the-counter (OTC) sunscreen drug product in a form suitable for topical administration is generally recognized as safe and effective and is not misbranded if it meets each condition in...
- https://www.ncbi.nlm.nih.gov/books/NBK620947/box/sunexposure.box5/?report=objectonly — Box 3.1.5, Sunscreen terminology from the Food and Drug ...
  > Sun protection factor (SPF): A measure of how much solar energy (UVB radiation) is required to produce a sunburn on skin that is protected by a sunscreen relative to the amount of UVB radiation required to produce a sunburn on unprotected s
- https://www.belabservices.com/en/post/complete-guide-to-sunscreen-spf-uva-uvb-regulations-and-innovations — Complete Guide to Sunscreen: SPF, UVA/UVB, Regulations, and ...
  > May 8, 2025 · It's important to understand that SPF primarily refers to UVB protection; UVA protection isn't reflected by the SPF number. A higher SPF indicates greater UVB blockage, but the difference in protection isn't linear.

## c01 — 2026-09-18 21:35 UTC
Query: `Cleveland Clinic sunscreen skin darkening tanning`

- https://health.clevelandclinic.org/does-sunscreen-prevent-tanning — Does Sunscreen Prevent Tanning?
  > March 11, 2025 - Sunscreen doesn’t prevent tanning because it can’t block all UV rays. But sunscreen helps prevent skin damage that causes skin cancer, wrinkles and sunburns.
- https://health.clevelandclinic.org/sunscreen-for-black-people — The Importance of Sunscreen for Dark Skin Tones
  > July 11, 2023 - There’s a common misconception that darker skin tones provide full protection from sun exposure — but that’s just as false as the idea that getting a base tan will protect you from a sunburn. People of color should wear suns
- https://www.facebook.com/ClevelandClinic/posts/can-you-still-get-a-tan-while-wearing-sunscreen-our-dermatologist-has-your-answe/1107164898125465/ — Can you still get a tan while wearing... - Cleveland Clinic
  > Can you still get a tan while wearing sunscreen? Our dermatologist has your answer.
- https://my.clevelandclinic.org/health/diseases/5240-sun-damage-protecting-yourself — Sun-Damaged Skin: Photoaging, Signs, Causes & Treatment
  > May 13, 2026 - Photodamage can come from natural UV radiation exposure from the sun or artificial UV light sources (tanning beds or sun lamps). UV exposure not only ages your skin more quickly than it naturally would, but it can also increa
- https://www.wkbn.com/news/ohio/skip-the-base-tan-lather-up-on-sunscreen-dermatologists-suggest/ — Cleveland Clinic: Skip the base tan, lather up on sunscreen, dermatologists suggest
  > March 9, 2026 - “We know tanning beds overall should be avoided at all costs. They do a lot of negative things to our skin and our overall health. The first is, it increases your risk of skin cancer, both basal cell and squamous cell, which

## c04 — 2026-09-18 21:35 UTC
Query: `SPF 30 blocks 97% UVB rays`

- https://www.reddit.com/r/todayilearned/comments/1loc6b3/til_that_spf_30_sunscreen_blocks_97_of_uvb_rays/ — r/todayilearned on Reddit: TIL that SPF 30 sunscreen blocks 97% of UVB rays, SPF50 & SPF100 only increases by 1%
  > June 30, 2025 - Per the article: * An SPF 15 sunscreen blocks 93% of UVB radiation, and SPF 30 blocks 97%. After that, the difference in protection is small. SPF 50 blocks 98%, and SPF 100 stops 99% of UVB rays from reaching your skin*
- https://www.nm.org/healthbeat/healthy-tips/quick-dose-how-much-spf-do-you-really-need — What Do the SPF Numbers Mean? | Northwestern Medicine
  > However, SPF numbers can be tricky to interpret and don’t always tell the full story. For example, SPF 30 blocks 97% of UVB rays, compared to SPF 50, which blocks 98% of UVB rays.
- https://www.skincancer.org/blog/ask-the-expert-does-a-high-spf-protect-my-skin-better/ — Ask the Expert: Does a High SPF Protect My Skin Better? - The Skin Cancer Foundation
  > June 30, 2026 - I repeat: It is not a time multiplier. An SPF 30 sunscreen blocks about 97 percent of UV rays, but it does not mean you can safely stay outside 30 times longer than you could without it.
- https://www.mdanderson.org/cancerwise/should-you-use-very-high-spf-sunscreen.h00-159460845.html — Should you use very high SPF sunscreen?
  > The SPF rating only refers to UVB rays. An SPF 15 sunscreen blocks 93% of UVB radiation, and SPF 30 blocks 97%. After that, the difference in protection is small.
- https://www.livetinted.com/blogs/learn/sunscreen-spf-30-vs-50-differences-guide — Sunscreen SPF 30 vs 50: What Really Matters in 2026 – Live Tinted
  > SPF 30 blocks about 97% of UVB rays, while SPF 50 blocks about 98%. The 1% difference is marginal, but it can provide a better safety net, especially if you don’t apply enough sunscreen.

## c02 — 2026-09-18 21:35 UTC
Query: `American Cancer Society UVB melanoma risk`

- https://www.cancer.org/cancer/risk-prevention/sun-and-uv/uv-radiation.html — Does UV Radiation Cause Cancer? | American Cancer Society
  > 4 weeks ago - Indoor tanning has been linked to a 24% increase in the risk of basal cell skin cancer, a 58% increase in the risk of squamous cell skin cancer, and a 27% increase in the risk of melanoma. This risk is especially high for earl
- https://www.cancer.org/cancer/types/melanoma-skin-cancer/causes-risks-prevention/risk-factors.html — Melanoma Skin Cancer Risk Factors | Melanoma Risk Factors | American Cancer Society
  > Learn about the risk factors for melanoma skin cancer such as UV exposure from sunlight and tanning beds and a family history of melanoma.
- https://pmc.ncbi.nlm.nih.gov/articles/PMC5760354/ — Mechanisms and prevention of UV-induced melanoma - PMC
  > Melanoma is the deadliest form of skin cancer and its incidence is rising, creating a costly and significant clinical problem. Exposure to ultraviolet (UV) radiation, namely UVA (315–400 nm) and UVB (280–315 nm), is a major risk factor for 
- https://www.cancer.org/cancer/types/melanoma-skin-cancer/causes-risks-prevention.html — Causes, Risk Factors, and Prevention of Melanoma Skin Cancer | American Cancer Society
  > August 12, 2026 - Melanoma might not develop until many years after the DNA damage from UV rays has been done. For example, having frequent severe sunburns as a child or teen increases a person’s risk of melanoma as an adult.
- https://www.cancer.org/research/acs-research-highlights/skin-cancer-research-highlights/scant-evidence-that-uv-exposure-causes-melanoma-in-dark-skin-types.html — Adewole Adamson University of Texas at Austin | UV Exposure & Dark Skin Types | American Cancer Society
  > But there’s less evidence about the risk of UV exposure for people with skin of color. Still, several skin cancer organization’s guidelines, including the American Academy of Dermatology, recommend UV protection for skin cancer prevention, 

## c05 — 2026-09-18 21:35 UTC
Query: `SPF 30 skin burn 30 times longer`

- https://beautynexuspro.com/skincare-routines/how-long-does-30-sunscreen-last — How Long Does SPF 30 Last? The Real Answer — Beauty Nexus Pro
  > May 19, 2026 · SPF 30 means that, under ideal laboratory conditions, it would take 30 times longer for your skin to redden compared to wearing no sunscreen. So if you normally burn in 10 minutes without protection, SPF 30 theoretically exte
- https://healthcalculatoronline.com/uv-index-calculator/ — UV Index Calculator — Burn Time by Skin Type & SPF
  > Apr 11, 2026 · Free UV index calculator estimates your sunburn time by skin type, SPF, clouds, altitude and surface. See burn time tables and safe sun exposure guidance.
- https://biologyinsights.com/how-long-does-spf-30-last-and-when-should-you-reapply/ — How Long Does SPF 30 Last and When Should You Reapply?
  > Dec 14, 2025 · Sun Protection Factor 30 is a scientific measure of how much solar energy is required to cause a sunburn on protected skin compared to unprotected skin. Theoretically, if skin takes ten minutes to burn without sunscreen, SPF 
- https://dermatologyofct.com/understanding-spf-what-do-those-numbers-actually-mean/ — Understanding SPF: What Do Those Numbers Actually Mean?
  > May 14, 2025 · Think of it this way: if your skin would normally burn in 10 minutes without protection, SPF 30 theoretically allows you to stay in the sun 30 times longer—or about 300 minutes— if it’s applied correctly and reapplied as reco
- https://beautynexuspro.com/skincare-routines/how-long-does-spf-30-sunscreen-last — How Long Does SPF 30 Sunscreen Last? (2026) — Beauty Nexus Pro
  > Mar 20, 2026 · SPF—or Sun Protection Factor—is a lab-measured ratio comparing how long it takes *protected* skin to redden versus *unprotected* skin under controlled UVB light. An SPF 30 means it would take 30 times longer for your skin to 

## c05 — 2026-09-18 21:35 UTC
Query: `FDA sunscreen SPF burn time protection`

- https://www.fda.gov/drugs/understanding-over-counter-medicines/sunscreen-how-help-protect-your-skin-sun — Sunscreen: How to Help Protect Your Skin from the Sun | FDA
  > 1 week ago - To get the most protection out of sunscreen, choose a broad-spectrum sunscreen with an SPF of at least 15. Some people incorrectly believe that SPF relates to time of solar exposure.
- https://www.fda.gov/about-fda/center-drug-evaluation-and-research-cder/sun-protection-factor-spf — Sun Protection Factor (SPF) | FDA
  > Because of the various factors that impact the amount of solar radiation, SPF does not reflect time in the sun. In other words, SPF does not inform consumers about the time that can be spent in the sun without getting sunburn.
- https://www.fda.gov/drugs/understanding-over-counter-medicines/questions-and-answers-fda-announces-new-requirements-over-counter-otc-sunscreen-products-marketed-us — Questions and Answers: FDA announces new requirements for over-the-counter (OTC) sunscreen products marketed in the U.S. | FDA
  > Scientific data demonstrated that products that are "Broad Spectrum SPF 15 [or higher]" have been shown to reduce the risk of skin cancer and early skin aging when used with other sun protection measures, in addition to helping prevent sunb
- https://www.fda.gov/regulatory-information/search-fda-guidance-documents/labeling-and-effectiveness-testing-sunscreen-drug-products-over-counter-human-use-small-entity — Labeling and Effectiveness Testing: Sunscreen Drug Products for Over-The-Counter Human Use — Small Entity Compliance Guide | FDA
  > The 2011 sunscreen final rule applies to OTC sunscreen drug products that are marketed without an approved new drug application (NDA) or abbreviated new drug application (ANDA) and that contain any of the ingredients described in section II
- https://smartshield.com/news/reviews/54-resources/127-new-fda-rules-regulations-for-sunscreen — FDA Rules & Regulations for Sunscreen - SmartShield
  > For these broad spectrum products, higher SPF (Sun Protection Factor) values also indicate higher levels of overall protection. By contrast, any sunscreen not labeled as “Broad Spectrum” or that has an SPF value between 2 and 14, has only b

## c04 — 2026-09-18 21:36 UTC
Query: `Skin Cancer Foundation SPF 30 97 percent UVB`

- https://www.skincancer.org/press/the-skin-cancer-foundation-offers-tips-on-choosing-and-using-sunscreen/ — The Skin Cancer Foundation Offers Tips on Choosing and Using Sunscreen
  > February 14, 2025 - One way to think about SPF is in terms of percentages: SPF 15 filters out approximately 93 percent of all incoming ultraviolet B (UVB) rays. SPF 30 keeps out 97 percent and SPF 50 keeps out 98 percent.
- https://www.skincancer.org/blog/ask-the-expert-does-a-high-spf-protect-my-skin-better/ — Ask the Expert: Does a High SPF Protect My Skin Better? - The Skin Cancer Foundation
  > June 30, 2026 - The Skin Cancer Foundation recommends a water-resistant, broad-spectrum sunscreen with an SPF of 50 or higher for any extended outdoor activities; and SPF 30 or higher for daily and incidental protection.
- https://standardprocedure.com/blogs/broad-spectrum-sunscreen/spf-ratings-what-they-really-mean-for-sun-protection — SPF Ratings - Sun Safety Guide | Standard Procedure
  > July 8, 2026 - An SPF 30 sunscreen blocks about 97% of UVB rays, whereas SPF 50 blocks roughly 98%. Higher SPF numbers offer only slightly more protection, and no sunscreen blocks 100%. That roughly one-percent increase in filtration can be
- https://nashvillegeneral.org/news/understand-spf-and-upf-ratings — Understand SPF and UPF ratings. | Nashville General Hospital
  > July 19, 2023 - This rating is an indication of how much protection the sunscreen provides against the sun’s UVB rays, the rays that can cause sunburn and other skin damage. The higher the number, the greater the protection: SPF 15 blocks 9
- https://www.franciscanhealth.org/community/blog/spf-and-your-next-sunscreen — Sunscreen SPF Ratings, Types Explained | Franciscan Health
  > July 15, 2026 - The Skin Cancer Foundation and the American Academy of Dermatology recommend wearing a water-resistant, broad-spectrum sunscreen with a minimum of SPF 30, which blocks 97 percent of the sun's UVB rays, for outdoor activities

## c06 — 2026-09-18 21:36 UTC
Query: `melanocyte cells melanin sun exposure protection`

- https://my.clevelandclinic.org/health/body/22615-melanin — Melanin: What Is It, Types & Benefits
  > March 23, 2026 - Melanin provides pigmentation to your skin, eyes and hair. The substance also absorbs harmful UV (ultraviolet) rays and protects your cells from sun damage. Melanin is produced in melanocytes.
- https://pmc.ncbi.nlm.nih.gov/articles/PMC2671032/ — The Protective Role of Melanin Against UV Damage in Human Skin - PMC
  > Exposures to all 3 schedules resulted in effective increases in skin pigmentation and significantly increased melanocyte density. Interestingly, the level of CPD measured was significantly lower after schedule C compared to schedules A and 
- https://www.sciencedirect.com/science/article/pii/S1043661825002737 — Unveiling the dual-edged roles of melanocytes: Key insights into skin photoaging and therapeutic avenues - ScienceDirect
  > July 2, 2025 - Melanocytes play a complex dual role in skin photoaging, simultaneously offering protection against UV damage and contributing to oxidative stress and cellular senescence. This functional duality critically depends on their t
- https://www.nature.com/articles/s41598-024-53941-0 — Significance of melanin distribution in the epidermis for the protective effect against UV light | Scientific Reports
  > February 12, 2024 - Because of its antioxidant, radical scavenging, and broadband UV absorbing properties, melanin reduces the penetration of UVR into the nuclei of keratinocytes. Despite its long-established photoprotective role, there is 
- https://us.comfortzoneskin.com/blogs/blog/does-melanin-protect-against-uv — Melanin’s Role in Sun Safety and UV Defense: Expert Q&A
  > June 12, 2025 - Reuse: After absorbing UV radiation, melanin produces beneficial metabolites that help neutralize free radicals (highly reactive and damaging molecules generated by UV exposure). Repair: If DNA damage does occur, the cells a

## c07 — 2026-09-18 21:36 UTC
Query: `sunscreen use vitamin D deficiency study review`

- https://pubmed.ncbi.nlm.nih.gov/30945275/ — The effect of sunscreen on vitamin D: a review - PubMed
  > Results: We included four experimental ... In the experimental studies sunscreen use considerably abrogated the vitamin D3 or 25(OH)D production induced by exposure to artificially generated UVR....
- https://www.sciencedirect.com/science/article/abs/pii/S1530891X25001223 — Sunscreen and 25-Hydroxyvitamin D Levels: Friends or Foes? A Systematic Review and Meta-Analysis - ScienceDirect
  > April 15, 2025 - 1). In general, the quality assessment using Quality Assessment of Diagnostic · The present study demonstrated that sunscreen use reduces serum 25(OH)D levels. However, the extent to which this finding impacts patients’ ove
- https://pubmed.ncbi.nlm.nih.gov/40927943/ — Effect of daily sunscreen application on vitamin D: findings from the open-label randomized controlled Sun-D Trial - PubMed
  > November 18, 2025 - Our findings provide evidence that daily use of high SPF sunscreen over 1 year increases the risk of vitamin D deficiency. As a result, while we recommend continued regular sunscreen use, vitamin D testing and/or supplem
- https://academic.oup.com/bjd/article-abstract/193/6/1128/8250458 — Effect of daily sunscreen application on vitamin D: findings from the open-label randomized controlled Sun-D Trial | British Journal of Dermatology | Oxford Academic
  > November 18, 2025 - Our findings provide evidence that daily use of high SPF sunscreen over 1 year increases the risk of vitamin D deficiency. As a result, while we recommend continued regular sunscreen use, vitamin D testing and/or supplem
- https://pmc.ncbi.nlm.nih.gov/articles/PMC9002342/ — Do sunscreens block vitamin D production? A critical review by an international panel of experts - PMC
  > Thus the review concludes that sunscreens can be effective in preventing erythema from solar exposure without limiting the benefits with respect to vitamin D production. However, populations that avoid solar exposure for cultural or medical

## c06 — 2026-09-18 21:36 UTC
Query: `melanocytes melanin skin protection burning mechanism`

- https://en.wikipedia.org/wiki/Melanocyte — Melanocyte - Wikipedia
  > June 10, 2026 - Once synthesized, melanin is contained ... Thus darker skin tones have more melanosomes present than lighter skin tones. Functionally, melanin serves as protection against UV radiation. Melanocytes also have a role in the im
- https://my.clevelandclinic.org/health/body/22615-melanin — Melanin: What Is It, Types & Benefits
  > March 23, 2026 - Additionally, people who’re born with clusters of melanocytes have freckles. When you spend time out in the sun, your body produces more melanin. The substance absorbs light from UV rays and redistributes it toward the uppe
- https://pmc.ncbi.nlm.nih.gov/articles/PMC2671032/ — The Protective Role of Melanin Against UV Damage in Human Skin - PMC
  > Thus, it is possible that pheomelanin has a weak carcinogenic effect that can contribute to melanoma formation. Human skin has developed two main defense mechanisms to guard against the damaging effects of UV: epidermal thickening and the s
- https://www.essuntials.com/blogs/journal/melanin-and-sun-protection-how-your-skin-s-natural-shield-works — Melanin and Sun Protection: How Your Skin's Natural ...
  > February 21, 2025 - The deepest skin tones carry a natural SPF of only about 13; fair skin sits closer to 3. Melanin leaves a gap. It blunts burning UVB more than the deeper UVA that drives aging and DNA damage, so sunscreen fills what mela
- https://www.medlineplus.gov/ency/anatomyvideos/000125.htm — Sun's effect on skin - Health Video: MedlinePlus Medical Encyclopedia
  > The outer layer of the skin has cells that contain the pigment melanin. Melanin protects skin from the sun's ultraviolet rays. These can burn the skin and reduce its elasticity, leading to premature aging.

## c08 — 2026-09-18 21:36 UTC
Query: `broad-spectrum sunscreen SPF 30 recommendation`

- https://www.aad.org/media/stats-sunscreen — Sunscreen FAQs
  > Dermatologists recommend using sunscreen with SPF 30+ that is broad-spectrum and water resistant.
- https://www.mdanderson.org/cancerwise/what-spf-should-i-use.h00-159776445.html — 8 common SPF questions, answered | UT MD Anderson
  > Choose a sunscreen you can apply correctly to all your exposed skin to get the most out of the sun protection level indicated by its SPF. I typically recommend lotion and cream sunscreens.
- https://www.cerave.com/skin-smarts/skin-concerns/sun-protection/what-spf-should-i-use — Decoding Sunscreens: What SPF Should I Use? | CeraVe
  > According to the FDA, only sunscreens ... measures).5 However, the American Academy of Dermatology and the Skin Cancer Foundation both recommend using a water-resistant, broad-spectrum product with an SPF of at least 30 for daily sun protec
- https://www.skincancer.org/blog/ask-the-expert-does-a-high-spf-protect-my-skin-better/ — Ask the Expert: Does a High SPF Protect My Skin Better? - The Skin Cancer Foundation
  > June 30, 2026 - The Skin Cancer Foundation recommends a water-resistant, broad-spectrum sunscreen with an SPF of 50 or higher for any extended outdoor activities; and SPF 30 or higher for daily and incidental protection.
- https://www.barederm.com/blog-post/spf-30-vs-50/ — SPF 30 vs 50: Which Sunscreen Is Better? | Bare Dermatology
  > July 29, 2026 - For guidance on choosing the right ... daily routine, sun exposure habits, and skin type. For daily use: SPF 30 broad-spectrum sunscreen is typically sufficient....

## c08 — 2026-09-18 21:36 UTC
Query: `AAD sunscreen SPF 30 recommendation`

- https://www.aad.org/media/stats-sunscreen — Sunscreen FAQs
  > Dermatologists recommend using sunscreen with SPF 30+ that is broad-spectrum and water resistant.
- https://www.aad.org/public/everyday-care/sun-protection/shade-clothing-sunscreen/how-to-select-sunscreen — How to select a sunscreen
  > Broad spectrum: The words "broad spectrum” means that the sunscreen can protect your skin from both types of harmful UV rays — the UVA rays and the UVB rays. SPF 30 or higher: The American Academy of Dermatology recommends that you select a
- https://www.aad.org/public/everyday-care/sun-protection/shade-clothing-sunscreen/understand-sunscreen-labels — How to decode a sunscreen label
  > July 13, 2026 - The SPF number on sunscreen tells ... out: SPF 15 filters out 93% of the sun's UVB rays. SPF 30 filters out 97% of the sun's UVB rays. The AAD recommends using an SPF 30 or higher....
- https://www.doctorrogers.com/blogs/blog/sunscreen-guide-dermatologist-recommended-essentials — Sunscreen Guide 2026: Dermatologist Recommended Essentials | Heather D. Rogers, MD – Doctor Rogers Skin Care
  > May 2, 2025 - Most people do not apply enough sunscreen to achieve the labeled SPF protection. ... This is one of the reasons why the American Academy of Dermatology (AAD) recommends SPF 30 or higher.
- https://www.ncbi.nlm.nih.gov/books/NBK537164/ — Sunscreens and Photoprotection - StatPearls - NCBI Bookshelf
  > March 28, 2025 - The ASCO advocates for public education ... behaviors.[10] The American Academy of Dermatology (AAD) suggests sunscreens with an SPF-30 or higher, water resistant with a broad spectrum, and sun-protective clothing and cover

## c10 — 2026-09-18 21:36 UTC
Query: `sunscreen reapply every two hours`

- https://health.clevelandclinic.org/how-often-to-reapply-sunscreen — How Often You Should Reapply Sunscreen?
  > March 25, 2025 - The general rule of thumb is to reapply sunscreen every two hours when you’re out in the sun, says Dr.
- https://www.hopkinsmedicine.org/health/wellness-and-prevention/sunscreen-and-your-morning-routine — Sunscreen and Your Morning Routine | Johns Hopkins Medicine
  > 3 weeks ago - Generally, sunscreen should be reapplied every two hours, especially after swimming or sweating.
- https://www.houstonmethodist.org/blog/articles/2024/may/how-often-should-you-reapply-sunscreen/ — How Often Should You Reapply Sunscreen?
  > “You're not going to get eight hours of protection from any sunscreen.” · Annie Christenson Medial aesthetician with Houston Methodist · The general rule to reapply sunscreen is every two hours.
- https://www.colorescience.com/blogs/blog/how-often-to-reapply-sunscreen — How Often to Reapply Sunscreen? Every 2 Hours or Less – Colorescience
  > So, how often should you reapply sunscreen? In general, you should reapply sunscreen every two hours for consistent protection. However, there is an exception to the rule—if you’re sweating or swimming you need to apply more often.
- https://dermskinhealth.com/why-does-sunscreen-only-last-2-hours/ — Why Does Sunscreen Only Last 2 Hours? | Dermatology & Skin Health
  > May 5, 2023 - Certain chemical ingredients within ... makes reapplication every two hours essential for maintaining optimal defense against harmful ultraviolet radiation during prolonged exposure to the sun....

## c07 — 2026-09-18 21:36 UTC
Query: `systematic review sunscreen vitamin D levels`

- https://www.sciencedirect.com/science/article/abs/pii/S1530891X25001223 — Sunscreen and 25-Hydroxyvitamin D Levels: Friends or Foes? A Systematic Review and Meta-Analysis - ScienceDirect
  > April 15, 2025 - Several observational and interventional studies have reported conflicting findings on the effect of sunscreen on serum 25(OH)D levels.25, 26, 27, 28, 29, 30, 31, 32, 33, 34, 35, 36, 37, 38, 39, 40, 41, 42, 43, 44, 45, 46 W
- https://pubmed.ncbi.nlm.nih.gov/30945275/ — The effect of sunscreen on vitamin D: a review - PubMed
  > Objectives: We aimed to review ... concentration. Methods: We systematically reviewed the literature following the Meta-analysis Of Observational Studies in Epidemiology (MOOSE) guidelines....
- https://academic.oup.com/bjd/article-abstract/193/6/1128/8250458 — Effect of daily sunscreen application on vitamin D: findings from the open-label randomized controlled Sun-D Trial | British Journal of Dermatology | Oxford Academic
  > November 18, 2025 - We found that in the sunscreen group, the average 25(OH)D level in the blood was lower than in participants in the control group. Those in the sunscreen group were at a higher risk of being vitamin D deficient at the end
- https://www.researchgate.net/publication/390824661_Sunscreen_and_25-hydroxyvitamin_D_vitamin_D_levels_friends_or_foes_Systematic_review_and_meta-analysis — Sunscreen and 25-hydroxyvitamin D vitamin D levels: friends or foes? Systematic review and meta-analysis | Request PDF
  > April 1, 2025 - Results A serum level of ≥ 50 nmol/L 25(OH)D is a target for all individuals. Broad‐spectrum sunscreens, that prevent erythema, are unlikely to compromise vitamin D status in healthy populations.
- https://examine.com/research-feed/study/dERzW1/ — Does sunscreen block vitamin D production? - Study Summary
  > September 15, 2025 - In this meta-analysis of 7 prospective observational studies in 1,495 adults, sunscreen use was associated with small, inconsistent reductions in vitamin D levels.

## c09 — 2026-09-18 21:37 UTC
Query: `sunscreen two tablespoons application 30 minutes`

- https://www.nytimes.com/wirecutter/reviews/how-to-apply-sunscreen/ — Lots of People Apply Sunscreen Wrong. Here’s How to Do It Right. | Reviews by Wirecutter
  > May 19, 2026 - The short answers: You need 1 liquid ounce, applied roughly every two hours; any non-expired sunscreen labeled “broad spectrum” (which means it protects against both UVA and UVB rays) with an SPF of 30 or higher is a good opt
- https://www.skincancer.org/blog/ask-the-expert-how-much-sunscreen-should-i-be-using-on-my-face-and-body/ — Ask the Expert: How Much Sunscreen Should I Be Using on My Face and Body? - The Skin Cancer Foundation
  > June 10, 2026 - In practice, this means applying the equivalent of a shot glass (two tablespoons) of sunscreen to the exposed areas of the face and body – a nickel-sized dollop to the face alone.
- https://skincancer.net/life-with-skin-cancer/appropriate-amount-sunscreen — How Much Sunscreen Is Appropriate for the Face and Body?
  > December 5, 2022 - Experts suggest that to achieve the level of sun protection as per the Sun Protection Factor (SPF), mentioned on sunscreen labels, around 2 milligrams of sunscreen per square centimeter of the skin should be used. This me
- https://kayuraeffect.com/blogs/news/the-right-amount-of-sunscreen-to-use-most-people-get-it-wrong — What’s The Right Amount of Sunscreen to Use - Kayura
  > November 6, 2025 - Sunscreen only works if you use enough, and most people don’t. Dermatologists recommend about ½ teaspoon for your face and neck, and around 1–2 tablespoons for your entire body.
- https://www.henryford.com/blog/2025/05/how-much-sunscreen-is-enough — How Much Sunscreen Is Enough? | Henry Ford Health - Detroit, MI
  > May 23, 2025 - Most people don't use nearly enough ... in skin damage. To safely cover your face and body, you will need at least one ounce (two tablespoons) of sunscreen, enough to fill a shot glass or the palm of your hand....

## c12 — 2026-09-18 21:37 UTC
Query: `tanning beds UVA rays 10 times more than sun`

- https://www.unitypoint.org/news-and-articles/tanning-bed-vs-sun-which-is-more-dangerous — Tanning Bed vs. Sun: Which is More Dangerous?
  > January 6, 2026 - While some believe tanning in a bed is safer, tanning beds emit 12 times more UVA radiation than the sun. UVA rays are primarily linked to premature aging of the skin, causing wrinkles, fine lines and age spots.
- https://health.clevelandclinic.org/tanning-bed-dangers — Unhealthy Glow: The Dangers of Tanning Beds
  > July 2, 2026 - Both tanning beds and the sun emit harmful UVA rays — but tanning beds emit far more of them. In fact, older yet oft-cited research shows that tanning beds can emit 10 to 15 times more UVA rays than the sun.
- https://talkingtan.com/are-tanning-beds-worse-than-the-sun/ — Are Tanning Beds Worse Than the Sun? The Real Evidence
  > May 22, 2026 - Yes — tanning beds are generally ... The core reason is UV intensity: high-pressure tanning beds can emit UVA radiation at levels 10 to 15 times stronger than the midday sun....
- https://www.piedmont.org/blog/are-tanning-beds-just-as-harmful-as-the-sun — Are tanning beds just as harmful as the sun?
  > March 18, 2011 - When tanning salons say beds don't have burning rays, they mean beds do not emit UVB rays from the sun. Instead, they emit 10 to 15 times more UVA rays, which speed up the tanning process.
- https://www.everydayhealth.com/cancer/tanning-beds-can-triple-your-melanoma-risk/ — How Risky Are Tanning Beds? New Study Finds They Triple Melanoma Odds
  > December 12, 2025 - Tanning beds emit 10 to 15 times more UVA rays than the sun. New research shows that translates to a dramatic increase in the likelihood of a dangerous skin cancer.

## c10 — 2026-09-18 21:37 UTC
Query: `AAD sunscreen reapplication guidelines water sweat`

- https://www.livetinted.com/blogs/learn/water-resistant-sunscreen-meaning-40-vs-80 — Water Resistant Sunscreen Meaning: 40 vs 80 Minutes (2026) – Live Tinted
  > Beach day with kids (in and out of the water): Every towel dry triggers a reapplication. If the kids are cycling between sand play and water every 30 minutes, they need sunscreen after each toweling. HIIT class or trail run in summer: The F
- https://www.aad.org/public/everyday-care/sun-protection/shade-clothing-sunscreen/how-to-apply-sunscreen — How to apply sunscreen
  > To remain protected when outdoors, reapply sunscreen every two hours, and immediately after swimming or sweating.
- https://www.aad.org/media/stats-sunscreen — Sunscreen FAQs
  > When outdoors, reapply sunscreen approximately every two hours, or after swimming or sweating, according to the directions on the bottle.
- https://glowfits.blog/2026/04/13/when-to-reapply-sunscreen-after-swimming-sweating/ — When to Reapply Sunscreen After Swimming, Sweating, or Towel Drying – Glowfits
  > April 13, 2026 - That order comes straight from ... even if the timer has not run out yet. The shortest rule to remember is water, sweat, towel, then reapply....
- https://haeskn.com/blogs/journal/how-often-should-you-reapply-sunscreen-during-the-day — How Often Should You Reapply Sunscreen During the Day? – HAESKN
  > August 12, 2026 - Almost nobody's actual day looks like that. The AAD states plainly that sunscreen should be reapplied approximately every two hours when outdoors, even on cloudy days, and after swimming or sweating.

## c11 — 2026-09-18 21:37 UTC
Query: `UV rays strongest 10am 3pm`

- https://poolbarlondon.com/blog/faqs/uv-rays-strongest/ — When Are The Sun's Rays Strongest? | PoolBar London
  > UV rays are typically strongest between 10am and 4pm, when the sun is highest in the sky and UVB exposure peaks.
- https://www.sunrayallday.com/blogs/posts/when-are-uv-rays-strongest-and-why-it-s-not-just-summer — When Are UV Rays Strongest and Why It’s Not Just Summer?
  > January 5, 2026 - In most parts of the world, the UV Index is highest between 10am and 4pm, with a peak around solar noon, usually between 12 and 1pm. This is when the sun sits highest in the sky and UV rays travel the shortest distance thr
- https://www.facebook.com/cdc/posts/dyk-uv-rays-are-strongest-from-10-am-to-4-pm-during-daylight-saving-time-reduce-/861168939377879/ — DYK? UV rays are strongest from 10 a.m. to 4 p.m. during ...
  > CDC. 4,128,641 followers · 4,246 talking about this. CDC works 24/7 to protect America from health and safety threats.
- https://www.quora.com/Why-is-the-Suns-UV-rays-the-strongest-between-the-hours-10-00-16-00-centered-at-13-00-rather-than-09-00-15-00-centered-at-12-00 — Why is the Sun's UV rays the strongest between the hours 10:00-16:00 (centered at 13:00) rather than 09:00-15:00 (centered at 12:00)? - Quora
  > Answer (1 of 6): Because of the angle they take passing through the atmosphere to reach you. Air is mostly transparent, but does absorb some of the sunlight passing through it. Close to noon, sunlight is passing through only about 100 km (6
- https://www.essuntials.com/blogs/journal/the-best-and-worst-times-for-sun-exposure-and-how-to-protect-your-skin — When Is UV Strongest? Best + Worst Times for Sun Exposure
  > May 1, 2025 - UV peaks between 10 a.m. and 2 p.m. The safest and riskiest times for sun exposure, when to seek shade, and how to protect your skin.

## c09 — 2026-09-18 21:37 UTC
Query: `American Academy of Dermatology sunscreen amount application`

- https://www.aad.org/media/stats-sunscreen — Sunscreen FAQs
  > Apply a broad-spectrum, water-resistant sunscreen with an SPF of 30 or higher to all skin not covered by clothing. If your sunburn gets worse, partner with the sun-protection expert, a board-certified dermatologist. The AAD supports the Nat
- https://surfacesunscreen.com/blogs/news/how-much-sunscreen-should-i-use — How Much Sunscreen Should I Use? A Dermatologist-Backed Guide | Surface Sunscreen
  > May 15, 2026 - In real life, almost nobody applies that much. Research published in the Journal of the American Academy of Dermatology shows real world application typically lands at 0.4 to 0.8 milligrams per square centimeter.
- https://www.aad.org/public/everyday-care/sun-protection/shade-clothing-sunscreen/how-to-select-sunscreen — How to select a sunscreen
  > Broad spectrum: The words "broad spectrum” means that the sunscreen can protect your skin from both types of harmful UV rays — the UVA rays and the UVB rays. SPF 30 or higher: The American Academy of Dermatology recommends that you select a
- https://www.ncbi.nlm.nih.gov/books/NBK537164/ — Sunscreens and Photoprotection - StatPearls - NCBI Bookshelf
  > March 28, 2025 - The ASCO advocates for public education on sunscreen application and urges consistent skin cancer prevention practices, including regular sunscreen use and the adoption of sun-protective behaviors.[10] The American Academy 
- https://www.doctorrogers.com/blogs/blog/sunscreen-guide-dermatologist-recommended-essentials — Sunscreen Guide 2026: Dermatologist Recommended Essentials | Heather D. Rogers, MD – Doctor Rogers Skin Care
  > May 2, 2025 - Most people do not apply enough sunscreen to achieve the labeled SPF protection. ... This is one of the reasons why the American Academy of Dermatology (AAD) recommends SPF 30 or higher.

## c12 — 2026-09-18 21:37 UTC
Query: `FDA tanning bed UVA exposure risk`

- (none) — search-error
  > error sending request for url (https://html.duckduckgo.com/html/) > A connection attempt failed because the connected party did not properly respond after a period of time, or established connection failed because connected host has failed 

## c11 — 2026-09-18 21:37 UTC
Query: `EPA UV index strongest hours midday`

- https://19january2017snapshot.epa.gov/sunsafety/uv-index-scale-1_.html — UV Index Scale | Sun Safety | US EPA
  > A UV Index reading of 3 to 5 means moderate risk of harm from unprotected sun exposure. Stay in shade near midday when the sun is strongest. If outdoors, wear protective clothing, a wide-brimmed hat, and UV-blocking sunglasses. Generously a
- https://www.epa.gov/sunsafety/uv-index-scale-0 — UV Index Scale | US EPA
  > June 15, 2026 - If your shadow is taller than you are (in the early morning and late afternoon), your UV exposure is likely to be lower. If your shadow is shorter than you are (around midday), you are being exposed to higher levels of UV ra
- https://www.epa.gov/sunsafety/uv-index-1 — The UV Index | US EPA
  > January 29, 2026 - The Ultraviolet (UV) Index predicts the UV radiation levels on a 1 – 11+ scale. The UV Index provides a daily forecast of the expected intensity of UV radiation from the sun.
- https://www.weather.gov/ilx/uv-index — Ultraviolet (UV) Index Forecasts
  > Exposure to surface objects that reflect light (such as sand and water) can make the UV index even higher in such locations. ... Remember that the UV values over reflective surfaces (such as white sand, snow cover, and water) can increase t
- https://www.epa.gov/radtown/ultraviolet-uv-radiation-and-sun-exposure — Ultraviolet (UV) Radiation and Sun Exposure | US EPA
  > May 26, 2026 - Too much UV exposure or frequent sunburns, particularly during childhood, can make developing skin cancer more likely. Limit time in the midday sun. The sun's rays are strongest between 10 a.m. and 4 p.m. Limit exposure to th

